2026-09-02T07:30:03Z
backend/lib/adminHymns.js -> refcount=17
    referenced-by: backend/scripts/oneoff-delistMandarinNonsong.mjs
    referenced-by: backend/scripts/oneoff-delistLingMingSuZao.mjs
    referenced-by: backend/scripts/oneoff-delistCantoneseNonsong1.mjs
    referenced-by: backend/scripts/oneoff-delistClayMusicNoAlbum.mjs
    referenced-by: backend/scripts/oneoff-delistInterviewBTS-20260817.mjs
    referenced-by: backend/scripts/oneoff-delist1722-phonemic-20260825.mjs
    referenced-by: backend/scripts/oneoff-delistPromoTutorial-20260817.mjs
    referenced-by: backend/scripts/oneoff-delistMandarinNonsong2.mjs
    referenced-by: backend/scripts/oneoff-delistMandarinNonsong7.mjs
    referenced-by: backend/scripts/oneoff-delistMandarinNonsong3.mjs
    referenced-by: backend/scripts/oneoff-delistCJTestimony4518.mjs
    referenced-by: backend/scripts/oneoff-delistMandarinNonsong6.mjs
    referenced-by: backend/scripts/oneoff-delistMandarinNonsong5.mjs
    referenced-by: backend/scripts/oneoff-delistWorship101.mjs
    referenced-by: backend/scripts/oneoff-delistMandarinNonsong4.mjs
    referenced-by: backend/routes/admin.js
    referenced-by: ops/lyrics/delist-batch.mjs
backend/lib/auditLog.js -> refcount=2
    referenced-by: backend/lib/inviteRedeem.js
    referenced-by: backend/routes/invites.js
backend/lib/authSecret.js -> refcount=3
    referenced-by: backend/lib/requireAuth.js
    referenced-by: backend/routes/auth.js
    referenced-by: backend/routes/otpAuth.js
backend/lib/backfillCore.js -> refcount=4
    referenced-by: backend/scripts/oneoff-backfillYtPlaylistMissing.js
    referenced-by: backend/scripts/growLibrary.js
    referenced-by: backend/scripts/backfillFromList.js
    referenced-by: backend/scripts/catalogGapApply.mjs
backend/lib/channelScan.js -> refcount=2
    referenced-by: backend/scripts/growLibrary.js
    referenced-by: backend/scripts/refetchKids.js
backend/lib/clientLogStore.js -> refcount=1
    referenced-by: backend/routes/clientLog.js
backend/lib/displayTitle.js -> refcount=15
    referenced-by: frontend/hymn-app/App.js
    referenced-by: frontend/hymn-app/src/screens/AdminAddHymnScreen.js
    referenced-by: frontend/hymn-app/src/screens/MineScreen.js
    referenced-by: frontend/hymn-app/src/screens/SharedPlaylistSheet.js
    referenced-by: frontend/hymn-app/src/screens/LibraryScreen.js
    referenced-by: frontend/hymn-app/src/screens/PlaylistDetailSheet.js
    referenced-by: frontend/hymn-app/src/screens/HymnListScreen.js
    referenced-by: frontend/hymn-app/src/components/home/HomeScreen.js
    referenced-by: backend/scripts/growLibrary.js
    referenced-by: backend/scripts/regenerateDisplayTitles.js
    referenced-by: backend/scripts/ingestInstrumental.mjs
    referenced-by: backend/scripts/finalizeKidsC4.js
    referenced-by: backend/scripts/refetchKids.js
    referenced-by: backend/lib/backfillCore.js
    referenced-by: backend/routes/admin.js
backend/lib/fixFragmentedMp4Duration.js -> refcount=2
    referenced-by: backend/lib/resolveAudio.js
    referenced-by: backend/routes/stream.js
backend/lib/hlsPlaylist.js -> refcount=1
    referenced-by: backend/routes/hls.js
backend/lib/hymnDb.js -> refcount=63
    referenced-by: backend/scripts/backfillAlbumFromTianyunCatalog.js
    referenced-by: backend/scripts/oneoff-clearBiLiveLyrics-20260817.mjs
    referenced-by: backend/scripts/oneoff-backfillYtPlaylistMissing.js
    referenced-by: backend/scripts/oneoff-requeueBulk416-20260817.mjs
    referenced-by: backend/scripts/auditChannel.js
    referenced-by: backend/scripts/applyInstrumentalFlags.mjs
    referenced-by: backend/scripts/backfillAlbumFromSopSiteCatalog.js
    referenced-by: backend/scripts/oneoff-fixLangEnglish4-20260816.mjs
    referenced-by: backend/scripts/catalogGapDiscover.mjs
    referenced-by: backend/scripts/reviewLyrics.js
    referenced-by: backend/scripts/backfillMeta.js
    referenced-by: backend/scripts/backfillAlbumFromNituCatalog.js
    referenced-by: backend/scripts/backfillAlbumFromCobuildCatalog.js
    referenced-by: backend/scripts/backfillAlbumFromPlaylists.js
    referenced-by: backend/scripts/checkDeadLinks.js
    referenced-by: backend/scripts/oneoff-parkInstrumentals-20260816.mjs
    referenced-by: backend/scripts/backfillAlbumFromACMCatalog.js
    referenced-by: backend/scripts/backfillAlbumFromKeenCatalog.js
    referenced-by: backend/scripts/reconcileChannels.js
    referenced-by: backend/scripts/growLibrary.js
    referenced-by: backend/scripts/migrate-instrumental.js
    referenced-by: backend/scripts/migrateTaxonomy.js
    referenced-by: backend/scripts/migrate-lyrics-timeline.js
    referenced-by: backend/scripts/regenerateDisplayTitles.js
    referenced-by: backend/scripts/oneoff-requeueUnavailable-20260822.mjs
    referenced-by: backend/scripts/discoverInstrumentalPlaylists.mjs
    referenced-by: backend/scripts/catalogGapScan.mjs
    referenced-by: backend/scripts/signInstrumentalReleases.mjs
    referenced-by: backend/scripts/migrate-lyrics.js
    referenced-by: backend/scripts/oneoff-requeueCjkRedo-20260816.mjs
    referenced-by: backend/scripts/backfillAlbumFromXinxinCatalog.js
    referenced-by: backend/scripts/discoverInstrumentalReleases.mjs
    referenced-by: backend/scripts/oneoff-cleanLegacyAlbumJunk.js
    referenced-by: backend/scripts/finalizeKidsC4.js
    referenced-by: backend/scripts/oneoff-resetDlDead403c-20260822.mjs
    referenced-by: backend/scripts/oneoff-fixLang-20260819.mjs
    referenced-by: backend/scripts/ingestInstrumental.mjs
    referenced-by: backend/scripts/oneoff-resetDlDead403b-20260821.mjs
    referenced-by: backend/scripts/alignLyrics.js
    referenced-by: backend/scripts/oneoff-resetDlDead403-20260819.mjs
    referenced-by: backend/scripts/backfillAlbumFromXiaoyangCatalog.js
    referenced-by: backend/scripts/backfillAlbumSearch.js
    referenced-by: backend/scripts/oneoff-clearBiLiveLyrics-bulk-20260817.mjs
    referenced-by: backend/scripts/migrateAlbumSource.js
    referenced-by: backend/scripts/restoreKidsLyricsC4.js
    referenced-by: backend/scripts/refetchKids.js
    referenced-by: backend/scripts/backfillAlbumFromCatalog.js
    referenced-by: backend/scripts/alignBackfill.js
    referenced-by: backend/scripts/backfillFromList.js
    referenced-by: backend/scripts/oneoff-fixKidsCategoryMismatch.mjs
    referenced-by: backend/scripts/backfillAlbumHeartProTitle.js
    referenced-by: backend/scripts/oneoff-clearAlbum735.js
    referenced-by: backend/scripts/backfillAlbumFromMusicBrainzCatalog.js
    referenced-by: backend/scripts/backfillAlbumFromJoshuaCatalog.js
    referenced-by: backend/scripts/curateLibrary.js
    referenced-by: backend/scripts/catalogGapApply.mjs
    referenced-by: backend/lib/reconcileCore.js
    referenced-by: backend/scripts/fetchLyrics.js
    referenced-by: backend/lib/channelScan.js
    referenced-by: backend/lib/adminHymns.js
    referenced-by: backend/lib/backfillCore.js
    referenced-by: backend/routes/admin.js
    referenced-by: ops/deploy/nightly-db-sync.mjs
backend/lib/instrumentalSilence.js -> refcount=2
    referenced-by: backend/scripts/scanInstrumentalCandidates.mjs
    referenced-by: backend/scripts/ingestInstrumental.mjs
backend/lib/inviteRedeem.js -> refcount=2
    referenced-by: backend/routes/invites.js
    referenced-by: backend/routes/otpAuth.js
backend/lib/loginRateLimit.js -> refcount=4
    referenced-by: backend/routes/auth.js
    referenced-by: backend/routes/invites.js
    referenced-by: backend/routes/otpAuth.js
    referenced-by: backend/routes/share.js
backend/lib/lyricsLangCheck.js -> refcount=5
    referenced-by: backend/scripts/oneoff-requeueCjkRedo-20260816.mjs
    referenced-by: backend/scripts/auditLyricsBatch.js
    referenced-by: backend/scripts/fetchLyrics.js
    referenced-by: backend/lib/paddleAdapter.js
    referenced-by: ops/lyrics/bi-freeze.mjs
backend/lib/ocrMerge.js -> refcount=1
    referenced-by: backend/scripts/fetchLyrics.js
backend/lib/opsMetrics.js -> refcount=4
    referenced-by: backend/server.js
    referenced-by: backend/lib/resolveAudio.js
    referenced-by: backend/routes/stream.js
    referenced-by: backend/routes/audio.js
backend/lib/paddleAdapter.js -> refcount=1
    referenced-by: backend/scripts/fetchLyrics.js
backend/lib/reconcileCore.js -> refcount=2
    referenced-by: backend/scripts/reconcileChannels.js
    referenced-by: backend/scripts/growLibrary.js
backend/lib/registrationMode.js -> refcount=1
    referenced-by: backend/routes/otpAuth.js
backend/lib/requireAdmin.js -> refcount=2
    referenced-by: backend/routes/invites.js
    referenced-by: backend/routes/admin.js
backend/lib/requireAuth.js -> refcount=5
    referenced-by: backend/routes/me.js
    referenced-by: backend/routes/friends.js
    referenced-by: backend/routes/invites.js
    referenced-by: backend/routes/share.js
    referenced-by: backend/routes/admin.js
backend/lib/resolveAudio.js -> refcount=12
    referenced-by: backend/server.js
    referenced-by: backend/scripts/checkDeadLinks.js
    referenced-by: backend/scripts/growLibrary.js
    referenced-by: backend/scripts/finalizeKidsC4.js
    referenced-by: backend/scripts/refetchKids.js
    referenced-by: backend/scripts/curateLibrary.js
    referenced-by: backend/lib/channelScan.js
    referenced-by: backend/lib/backfillCore.js
    referenced-by: backend/routes/hls.js
    referenced-by: backend/routes/stream.js
    referenced-by: backend/routes/admin.js
    referenced-by: backend/routes/audio.js
backend/lib/serverDb.js -> refcount=5
    referenced-by: backend/server.js
    referenced-by: backend/lib/adminHymns.js
    referenced-by: backend/routes/home.js
    referenced-by: backend/routes/me.js
    referenced-by: backend/routes/admin.js
backend/lib/textSimilarity.js -> refcount=5
    referenced-by: backend/scripts/oneoff-requeueCjkRedo-20260816.mjs
    referenced-by: backend/scripts/scanInstrumentalCandidates.mjs
    referenced-by: backend/scripts/auditLyricsBatch.js
    referenced-by: backend/scripts/alignLyrics.js
    referenced-by: backend/lib/ocrMerge.js
backend/lib/userDb.js -> refcount=12
    referenced-by: backend/server.js
    referenced-by: backend/scripts/migrate-instrumental.js
    referenced-by: backend/scripts/migrateTaxonomy.js
    referenced-by: backend/scripts/finalizeKidsC4.js
    referenced-by: backend/scripts/setAdmin.js
    referenced-by: backend/scripts/backupUsersDb.js
    referenced-by: backend/lib/requireAuth.js
    referenced-by: backend/routes/invites.js
    referenced-by: backend/routes/friends.js
    referenced-by: backend/routes/me.js
    referenced-by: backend/routes/otpAuth.js
    referenced-by: backend/routes/share.js
backend/lib/warmLog.js -> refcount=2
    referenced-by: backend/server.js
    referenced-by: backend/routes/stream.js
backend/lib/whisperTranscribe.js -> refcount=3
    referenced-by: backend/scripts/ingestInstrumental.mjs
    referenced-by: backend/scripts/alignBackfill.js
    referenced-by: backend/scripts/fetchLyrics.js
backend/lib/ytdlpBin.js -> refcount=15
    referenced-by: backend/server.js
    referenced-by: backend/generate_hymns.js
    referenced-by: backend/scripts/fetchACMCatalog.js
    referenced-by: backend/scripts/catalogGapDiscover.mjs
    referenced-by: backend/scripts/backfillMeta.js
    referenced-by: backend/scripts/backfillAlbumFromPlaylists.js
    referenced-by: backend/scripts/discoverInstrumentalPlaylists.mjs
    referenced-by: backend/scripts/ingestInstrumental.mjs
    referenced-by: backend/scripts/discoverInstrumentalReleases.mjs
    referenced-by: backend/scripts/alignBackfill.js
    referenced-by: backend/lib/hymnDb.js
    referenced-by: backend/scripts/fetchLyrics.js
    referenced-by: backend/lib/reconcileCore.js
    referenced-by: backend/lib/resolveAudio.js
    referenced-by: backend/routes/admin.js
