=== A1 endpoint latency run started 2026-09-02T07:11:14Z ===
--- health [local] http://localhost:3001/api/health ---
HTTP/1.1 200 OK
Content-Length: 15
ETag: W/"f-VaSQ4oDUiZblZNAEkkN+sX+q3Sg"
RUN=1 code=200 ttfb=0.001067 total=0.001129 size=15
HTTP/1.1 200 OK
Content-Length: 15
ETag: W/"f-VaSQ4oDUiZblZNAEkkN+sX+q3Sg"
RUN=2 code=200 ttfb=0.000697 total=0.000739 size=15
HTTP/1.1 200 OK
Content-Length: 15
ETag: W/"f-VaSQ4oDUiZblZNAEkkN+sX+q3Sg"
RUN=3 code=200 ttfb=0.000655 total=0.000698 size=15
HTTP/1.1 200 OK
Content-Length: 15
ETag: W/"f-VaSQ4oDUiZblZNAEkkN+sX+q3Sg"
RUN=4 code=200 ttfb=0.000716 total=0.000757 size=15
HTTP/1.1 200 OK
Content-Length: 15
ETag: W/"f-VaSQ4oDUiZblZNAEkkN+sX+q3Sg"
RUN=5 code=200 ttfb=0.000648 total=0.000693 size=15
--- health [prod] https://api.odemusics.com/api/health ---
HTTP/2 200 
content-length: 15
etag: W/"f-VaSQ4oDUiZblZNAEkkN+sX+q3Sg"
cf-cache-status: DYNAMIC
RUN=1 code=200 ttfb=0.956652 total=0.957088 size=15
HTTP/2 200 
content-length: 15
etag: W/"f-VaSQ4oDUiZblZNAEkkN+sX+q3Sg"
cf-cache-status: DYNAMIC
RUN=2 code=200 ttfb=0.772848 total=0.773106 size=15
HTTP/2 200 
content-length: 15
etag: W/"f-VaSQ4oDUiZblZNAEkkN+sX+q3Sg"
cf-cache-status: DYNAMIC
RUN=3 code=200 ttfb=0.765297 total=0.765612 size=15
HTTP/2 200 
content-length: 15
etag: W/"f-VaSQ4oDUiZblZNAEkkN+sX+q3Sg"
cf-cache-status: DYNAMIC
RUN=4 code=200 ttfb=0.830495 total=0.831223 size=15
HTTP/2 200 
content-length: 15
etag: W/"f-VaSQ4oDUiZblZNAEkkN+sX+q3Sg"
cf-cache-status: DYNAMIC
RUN=5 code=200 ttfb=0.775612 total=0.776155 size=15
--- health [prod_gzip] https://api.odemusics.com/api/health ---
HTTP/2 200 
content-length: 15
etag: W/"f-VaSQ4oDUiZblZNAEkkN+sX+q3Sg"
cf-cache-status: DYNAMIC
RUN=1 code=200 ttfb=0.761046 total=0.761249 size=15
HTTP/2 200 
content-length: 15
etag: W/"f-VaSQ4oDUiZblZNAEkkN+sX+q3Sg"
cf-cache-status: DYNAMIC
RUN=2 code=200 ttfb=0.772064 total=0.772351 size=15
HTTP/2 200 
content-length: 15
etag: W/"f-VaSQ4oDUiZblZNAEkkN+sX+q3Sg"
cf-cache-status: DYNAMIC
RUN=3 code=200 ttfb=0.754197 total=0.754299 size=15
HTTP/2 200 
content-length: 15
etag: W/"f-VaSQ4oDUiZblZNAEkkN+sX+q3Sg"
cf-cache-status: DYNAMIC
RUN=4 code=200 ttfb=0.779484 total=0.779867 size=15
HTTP/2 200 
content-length: 15
etag: W/"f-VaSQ4oDUiZblZNAEkkN+sX+q3Sg"
cf-cache-status: DYNAMIC
RUN=5 code=200 ttfb=0.773296 total=0.773434 size=15
--- version [local] http://localhost:3001/api/version ---
HTTP/1.1 200 OK
Content-Length: 43
ETag: W/"2b-7MJujPpRNcWQLOXRqSwzqum5msQ"
RUN=1 code=200 ttfb=0.001480 total=0.001543 size=43
HTTP/1.1 200 OK
Content-Length: 43
ETag: W/"2b-7MJujPpRNcWQLOXRqSwzqum5msQ"
RUN=2 code=200 ttfb=0.000800 total=0.000851 size=43
HTTP/1.1 200 OK
Content-Length: 43
ETag: W/"2b-7MJujPpRNcWQLOXRqSwzqum5msQ"
RUN=3 code=200 ttfb=0.000792 total=0.000836 size=43
HTTP/1.1 200 OK
Content-Length: 43
ETag: W/"2b-7MJujPpRNcWQLOXRqSwzqum5msQ"
RUN=4 code=200 ttfb=0.000746 total=0.000791 size=43
HTTP/1.1 200 OK
Content-Length: 43
ETag: W/"2b-7MJujPpRNcWQLOXRqSwzqum5msQ"
RUN=5 code=200 ttfb=0.000738 total=0.000777 size=43
--- version [prod] https://api.odemusics.com/api/version ---
HTTP/2 200 
content-length: 43
etag: W/"2b-7MJujPpRNcWQLOXRqSwzqum5msQ"
cf-cache-status: DYNAMIC
RUN=1 code=200 ttfb=0.750435 total=0.750739 size=43
HTTP/2 200 
content-length: 43
etag: W/"2b-7MJujPpRNcWQLOXRqSwzqum5msQ"
cf-cache-status: DYNAMIC
RUN=2 code=200 ttfb=0.800915 total=0.801042 size=43
HTTP/2 200 
content-length: 43
etag: W/"2b-7MJujPpRNcWQLOXRqSwzqum5msQ"
cf-cache-status: DYNAMIC
RUN=3 code=200 ttfb=0.780569 total=0.780731 size=43
HTTP/2 200 
content-length: 43
etag: W/"2b-7MJujPpRNcWQLOXRqSwzqum5msQ"
cf-cache-status: DYNAMIC
RUN=4 code=200 ttfb=0.763398 total=0.763786 size=43
HTTP/2 200 
content-length: 43
etag: W/"2b-7MJujPpRNcWQLOXRqSwzqum5msQ"
cf-cache-status: DYNAMIC
RUN=5 code=200 ttfb=0.771718 total=0.772031 size=43
--- version [prod_gzip] https://api.odemusics.com/api/version ---
HTTP/2 200 
content-length: 43
etag: W/"2b-7MJujPpRNcWQLOXRqSwzqum5msQ"
cf-cache-status: DYNAMIC
RUN=1 code=200 ttfb=0.775642 total=0.776138 size=43
HTTP/2 200 
content-length: 43
etag: W/"2b-7MJujPpRNcWQLOXRqSwzqum5msQ"
cf-cache-status: DYNAMIC
RUN=2 code=200 ttfb=0.765813 total=0.766021 size=43
HTTP/2 200 
content-length: 43
etag: W/"2b-7MJujPpRNcWQLOXRqSwzqum5msQ"
cf-cache-status: DYNAMIC
RUN=3 code=200 ttfb=0.754440 total=0.754916 size=43
HTTP/2 200 
content-length: 43
etag: W/"2b-7MJujPpRNcWQLOXRqSwzqum5msQ"
cf-cache-status: DYNAMIC
RUN=4 code=200 ttfb=0.769753 total=0.770239 size=43
HTTP/2 200 
content-length: 43
etag: W/"2b-7MJujPpRNcWQLOXRqSwzqum5msQ"
cf-cache-status: DYNAMIC
RUN=5 code=200 ttfb=0.794827 total=0.795278 size=43
--- hymns [local] http://localhost:3001/api/hymns ---
HTTP/1.1 200 OK
Content-Length: 5567646
ETag: W/"54f49e-O/4fjB4uFrgJcgNYwNM7Fia8ABY"
RUN=1 code=200 ttfb=0.138441 total=0.140486 size=5567646
HTTP/1.1 200 OK
Content-Length: 5567646
ETag: W/"54f49e-O/4fjB4uFrgJcgNYwNM7Fia8ABY"
RUN=2 code=200 ttfb=0.087319 total=0.088907 size=5567646
HTTP/1.1 200 OK
Content-Length: 5567646
ETag: W/"54f49e-O/4fjB4uFrgJcgNYwNM7Fia8ABY"
RUN=3 code=200 ttfb=0.085887 total=0.090364 size=5567646
HTTP/1.1 200 OK
Content-Length: 5567646
ETag: W/"54f49e-O/4fjB4uFrgJcgNYwNM7Fia8ABY"
RUN=4 code=200 ttfb=0.086727 total=0.088583 size=5567646
HTTP/1.1 200 OK
Content-Length: 5567646
ETag: W/"54f49e-O/4fjB4uFrgJcgNYwNM7Fia8ABY"
RUN=5 code=200 ttfb=0.083467 total=0.085008 size=5567646
--- hymns [prod] https://api.odemusics.com/api/hymns ---
HTTP/2 200 
content-length: 5567646
etag: W/"54f49e-O/4fjB4uFrgJcgNYwNM7Fia8ABY"
cf-cache-status: DYNAMIC
RUN=1 code=200 ttfb=0.897766 total=2.837089 size=5567646
HTTP/2 200 
content-length: 5567646
etag: W/"54f49e-O/4fjB4uFrgJcgNYwNM7Fia8ABY"
cf-cache-status: DYNAMIC
RUN=2 code=200 ttfb=0.917922 total=3.039299 size=5567646
HTTP/2 200 
content-length: 5567646
etag: W/"54f49e-O/4fjB4uFrgJcgNYwNM7Fia8ABY"
cf-cache-status: DYNAMIC
RUN=3 code=200 ttfb=0.912597 total=2.876072 size=5567646
HTTP/2 200 
content-length: 5567646
etag: W/"54f49e-O/4fjB4uFrgJcgNYwNM7Fia8ABY"
cf-cache-status: DYNAMIC
RUN=4 code=200 ttfb=0.906253 total=2.744083 size=5567646
HTTP/2 200 
content-length: 5567646
etag: W/"54f49e-O/4fjB4uFrgJcgNYwNM7Fia8ABY"
cf-cache-status: DYNAMIC
RUN=5 code=200 ttfb=0.892839 total=2.526323 size=5567646
--- hymns [prod_gzip] https://api.odemusics.com/api/hymns ---
HTTP/2 200 
etag: W/"54f49e-O/4fjB4uFrgJcgNYwNM7Fia8ABY"
cf-cache-status: DYNAMIC
content-encoding: gzip
RUN=1 code=200 ttfb=0.890326 total=2.259765 size=1471654
HTTP/2 200 
etag: W/"54f49e-O/4fjB4uFrgJcgNYwNM7Fia8ABY"
cf-cache-status: DYNAMIC
content-encoding: gzip
RUN=2 code=200 ttfb=0.884353 total=2.159377 size=1480893
HTTP/2 200 
etag: W/"54f49e-O/4fjB4uFrgJcgNYwNM7Fia8ABY"
cf-cache-status: DYNAMIC
content-encoding: gzip
RUN=3 code=200 ttfb=0.892366 total=2.429139 size=1480309
HTTP/2 200 
etag: W/"54f49e-O/4fjB4uFrgJcgNYwNM7Fia8ABY"
cf-cache-status: DYNAMIC
content-encoding: gzip
RUN=4 code=200 ttfb=0.878830 total=2.736257 size=1486626
HTTP/2 200 
etag: W/"54f49e-O/4fjB4uFrgJcgNYwNM7Fia8ABY"
cf-cache-status: DYNAMIC
content-encoding: gzip
RUN=5 code=200 ttfb=0.961807 total=2.333399 size=1493989
--- home-daily-quote [local] http://localhost:3001/api/home/daily-quote ---
HTTP/1.1 200 OK
Content-Length: 40
ETag: W/"28-9PI8nFov1VirCJxEhvOfqhtHrEQ"
RUN=1 code=200 ttfb=0.014197 total=0.014292 size=40
HTTP/1.1 200 OK
Content-Length: 40
ETag: W/"28-9PI8nFov1VirCJxEhvOfqhtHrEQ"
RUN=2 code=200 ttfb=0.014032 total=0.014092 size=40
HTTP/1.1 200 OK
Content-Length: 40
ETag: W/"28-9PI8nFov1VirCJxEhvOfqhtHrEQ"
RUN=3 code=200 ttfb=0.013033 total=0.013092 size=40
HTTP/1.1 200 OK
Content-Length: 40
ETag: W/"28-9PI8nFov1VirCJxEhvOfqhtHrEQ"
RUN=4 code=200 ttfb=0.012429 total=0.012483 size=40
HTTP/1.1 200 OK
Content-Length: 40
ETag: W/"28-9PI8nFov1VirCJxEhvOfqhtHrEQ"
RUN=5 code=200 ttfb=0.016602 total=0.016668 size=40
--- home-daily-quote [prod] https://api.odemusics.com/api/home/daily-quote ---
HTTP/2 200 
content-length: 40
etag: W/"28-9PI8nFov1VirCJxEhvOfqhtHrEQ"
cf-cache-status: DYNAMIC
RUN=1 code=200 ttfb=0.807060 total=0.807561 size=40
HTTP/2 200 
content-length: 40
etag: W/"28-9PI8nFov1VirCJxEhvOfqhtHrEQ"
cf-cache-status: DYNAMIC
RUN=2 code=200 ttfb=0.776551 total=0.777117 size=40
HTTP/2 200 
content-length: 40
etag: W/"28-9PI8nFov1VirCJxEhvOfqhtHrEQ"
cf-cache-status: DYNAMIC
RUN=3 code=200 ttfb=0.784870 total=0.785014 size=40
HTTP/2 200 
content-length: 40
etag: W/"28-9PI8nFov1VirCJxEhvOfqhtHrEQ"
cf-cache-status: DYNAMIC
RUN=4 code=200 ttfb=0.803985 total=0.804494 size=40
HTTP/2 200 
content-length: 40
etag: W/"28-9PI8nFov1VirCJxEhvOfqhtHrEQ"
cf-cache-status: DYNAMIC
RUN=5 code=200 ttfb=0.779509 total=0.779615 size=40
--- home-daily-quote [prod_gzip] https://api.odemusics.com/api/home/daily-quote ---
HTTP/2 200 
content-length: 40
etag: W/"28-9PI8nFov1VirCJxEhvOfqhtHrEQ"
cf-cache-status: DYNAMIC
RUN=1 code=200 ttfb=0.936334 total=0.937100 size=40
HTTP/2 200 
content-length: 40
etag: W/"28-9PI8nFov1VirCJxEhvOfqhtHrEQ"
cf-cache-status: DYNAMIC
RUN=2 code=200 ttfb=0.790164 total=0.790648 size=40
HTTP/2 200 
content-length: 40
etag: W/"28-9PI8nFov1VirCJxEhvOfqhtHrEQ"
cf-cache-status: DYNAMIC
RUN=3 code=200 ttfb=0.847681 total=0.848152 size=40
HTTP/2 200 
content-length: 40
etag: W/"28-9PI8nFov1VirCJxEhvOfqhtHrEQ"
cf-cache-status: DYNAMIC
RUN=4 code=200 ttfb=0.783560 total=0.783943 size=40
HTTP/2 200 
content-length: 40
etag: W/"28-9PI8nFov1VirCJxEhvOfqhtHrEQ"
cf-cache-status: DYNAMIC
RUN=5 code=200 ttfb=0.801254 total=0.801492 size=40
--- home-daily-verse [local] http://localhost:3001/api/home/daily-verse ---
HTTP/1.1 200 OK
Content-Length: 185
ETag: W/"b9-GnZSRUHVJewHwOPVX+1diUPr2hY"
RUN=1 code=200 ttfb=0.002976 total=0.003058 size=185
HTTP/1.1 200 OK
Content-Length: 185
ETag: W/"b9-GnZSRUHVJewHwOPVX+1diUPr2hY"
RUN=2 code=200 ttfb=0.001166 total=0.001221 size=185
HTTP/1.1 200 OK
Content-Length: 185
ETag: W/"b9-GnZSRUHVJewHwOPVX+1diUPr2hY"
RUN=3 code=200 ttfb=0.001051 total=0.001105 size=185
HTTP/1.1 200 OK
Content-Length: 185
ETag: W/"b9-GnZSRUHVJewHwOPVX+1diUPr2hY"
RUN=4 code=200 ttfb=0.001009 total=0.001062 size=185
HTTP/1.1 200 OK
Content-Length: 185
ETag: W/"b9-GnZSRUHVJewHwOPVX+1diUPr2hY"
RUN=5 code=200 ttfb=0.001043 total=0.001094 size=185
--- home-daily-verse [prod] https://api.odemusics.com/api/home/daily-verse ---
HTTP/2 200 
content-length: 185
etag: W/"b9-GnZSRUHVJewHwOPVX+1diUPr2hY"
cf-cache-status: DYNAMIC
RUN=1 code=200 ttfb=0.802143 total=0.802473 size=185
HTTP/2 200 
content-length: 185
etag: W/"b9-GnZSRUHVJewHwOPVX+1diUPr2hY"
cf-cache-status: DYNAMIC
RUN=2 code=200 ttfb=0.749872 total=0.750469 size=185
HTTP/2 200 
content-length: 185
etag: W/"b9-GnZSRUHVJewHwOPVX+1diUPr2hY"
cf-cache-status: DYNAMIC
RUN=3 code=200 ttfb=0.768960 total=0.769177 size=185
HTTP/2 200 
content-length: 185
etag: W/"b9-GnZSRUHVJewHwOPVX+1diUPr2hY"
cf-cache-status: DYNAMIC
RUN=4 code=200 ttfb=0.752771 total=0.753309 size=185
HTTP/2 200 
content-length: 185
etag: W/"b9-GnZSRUHVJewHwOPVX+1diUPr2hY"
cf-cache-status: DYNAMIC
RUN=5 code=200 ttfb=0.766030 total=0.766565 size=185
--- home-daily-verse [prod_gzip] https://api.odemusics.com/api/home/daily-verse ---
HTTP/2 200 
etag: W/"b9-GnZSRUHVJewHwOPVX+1diUPr2hY"
cf-cache-status: DYNAMIC
content-encoding: gzip
RUN=1 code=200 ttfb=0.795580 total=0.795921 size=193
HTTP/2 200 
etag: W/"b9-GnZSRUHVJewHwOPVX+1diUPr2hY"
cf-cache-status: DYNAMIC
content-encoding: gzip
RUN=2 code=200 ttfb=0.769535 total=0.770212 size=193
HTTP/2 200 
etag: W/"b9-GnZSRUHVJewHwOPVX+1diUPr2hY"
cf-cache-status: DYNAMIC
content-encoding: gzip
RUN=3 code=200 ttfb=0.775967 total=0.776509 size=193
HTTP/2 200 
etag: W/"b9-GnZSRUHVJewHwOPVX+1diUPr2hY"
cf-cache-status: DYNAMIC
content-encoding: gzip
RUN=4 code=200 ttfb=0.756969 total=0.757330 size=193
HTTP/2 200 
etag: W/"b9-GnZSRUHVJewHwOPVX+1diUPr2hY"
cf-cache-status: DYNAMIC
content-encoding: gzip
RUN=5 code=200 ttfb=0.782318 total=0.782789 size=193
--- home-featured-artist [local] http://localhost:3001/api/home/featured-artist ---
HTTP/1.1 200 OK
Content-Length: 3040
ETag: W/"be0-32i7irCCVeRKs9/nXaBl5LrhKQ4"
RUN=1 code=200 ttfb=0.035502 total=0.035678 size=3040
HTTP/1.1 200 OK
Content-Length: 24471
ETag: W/"5f97-WaDfuq4C8mGGVsVcBfiGcB4386c"
RUN=2 code=200 ttfb=0.021281 total=0.021350 size=24471
HTTP/1.1 200 OK
Content-Length: 81538
ETag: W/"13e82-JQrmNpVIv3nq4M/774YSrnDtZYc"
RUN=3 code=200 ttfb=0.013970 total=0.014042 size=81538
HTTP/1.1 200 OK
Content-Length: 89586
ETag: W/"15df2-dVk0zxHIb1ZozD5AxWepZfK23iA"
RUN=4 code=200 ttfb=0.008337 total=0.008424 size=89586
HTTP/1.1 200 OK
Content-Length: 107147
ETag: W/"1a28b-/3ObVbj6Uz+Zs8hgJ9Vs6bO1gyk"
RUN=5 code=200 ttfb=0.007957 total=0.008046 size=107147
--- home-featured-artist [prod] https://api.odemusics.com/api/home/featured-artist ---
HTTP/2 200 
content-length: 119876
etag: W/"1d444-ODjs1d3B1WwDE91r5fJB5ZuNHxY"
cf-cache-status: DYNAMIC
RUN=1 code=200 ttfb=0.808455 total=1.358787 size=119876
HTTP/2 200 
content-length: 160188
etag: W/"271bc-bhCLAeZsEa81Xhzk825RF1ZyyEo"
cf-cache-status: DYNAMIC
RUN=2 code=200 ttfb=0.797957 total=1.527701 size=160188
HTTP/2 200 
content-length: 30346
etag: W/"768a-qrKYe/w2wNcjLf5W1+btTJCgIB0"
cf-cache-status: DYNAMIC
RUN=3 code=200 ttfb=0.803816 total=1.047444 size=30346
HTTP/2 200 
content-length: 119358
etag: W/"1d23e-xR+yq5mOffp0QjvfrLlwKRQTEbc"
cf-cache-status: DYNAMIC
RUN=4 code=200 ttfb=0.803139 total=1.358690 size=119358
HTTP/2 200 
content-length: 3691
etag: W/"e6b-53eC0XLzki11ryXb9MjGBg7jiIQ"
cf-cache-status: DYNAMIC
RUN=5 code=200 ttfb=0.798114 total=0.798795 size=3691
--- home-featured-artist [prod_gzip] https://api.odemusics.com/api/home/featured-artist ---
HTTP/2 200 
etag: W/"1142-BA5EnOlEqzl0EERvm1nzujPAMpo"
cf-cache-status: DYNAMIC
content-encoding: gzip
RUN=1 code=200 ttfb=0.833239 total=0.834114 size=1349
HTTP/2 200 
etag: W/"10e64-Y2Lwr2j+Lkg84OC/ShW/nff80jM"
cf-cache-status: DYNAMIC
content-encoding: gzip
RUN=2 code=200 ttfb=0.803585 total=0.983796 size=14367
HTTP/2 200 
etag: W/"bdc-V5cYQ7eG8BmAVNF0G+K02VXCtc8"
cf-cache-status: DYNAMIC
content-encoding: gzip
RUN=3 code=200 ttfb=0.794456 total=0.795601 size=1214
HTTP/2 200 
etag: W/"b466-Z74cgqpLBdRpCSE42WlhMiwb9Ww"
cf-cache-status: DYNAMIC
content-encoding: gzip
RUN=4 code=200 ttfb=0.783807 total=0.800320 size=8963
HTTP/2 200 
etag: W/"84c7-LA2SL0YF4Pid71PNT5z9GliNkX8"
cf-cache-status: DYNAMIC
content-encoding: gzip
RUN=5 code=200 ttfb=0.819345 total=0.822637 size=5939
--- home-new-releases [local] http://localhost:3001/api/home/new-releases ---
HTTP/1.1 200 OK
Content-Length: 36077
ETag: W/"8ced-olNi77InCH4a8hY+wKAnN/mt0V0"
RUN=1 code=200 ttfb=0.045482 total=0.045559 size=36077
HTTP/1.1 200 OK
Content-Length: 36077
ETag: W/"8ced-olNi77InCH4a8hY+wKAnN/mt0V0"
RUN=2 code=200 ttfb=0.030193 total=0.030262 size=36077
HTTP/1.1 200 OK
Content-Length: 36077
ETag: W/"8ced-olNi77InCH4a8hY+wKAnN/mt0V0"
RUN=3 code=200 ttfb=0.029719 total=0.029829 size=36077
HTTP/1.1 200 OK
Content-Length: 36077
ETag: W/"8ced-olNi77InCH4a8hY+wKAnN/mt0V0"
RUN=4 code=200 ttfb=0.031405 total=0.031485 size=36077
HTTP/1.1 200 OK
Content-Length: 36077
ETag: W/"8ced-olNi77InCH4a8hY+wKAnN/mt0V0"
RUN=5 code=200 ttfb=0.048231 total=0.048434 size=36077
--- home-new-releases [prod] https://api.odemusics.com/api/home/new-releases ---
HTTP/2 200 
content-length: 36077
etag: W/"8ced-olNi77InCH4a8hY+wKAnN/mt0V0"
cf-cache-status: DYNAMIC
RUN=1 code=200 ttfb=0.883953 total=1.147768 size=36077
HTTP/2 200 
content-length: 36077
etag: W/"8ced-olNi77InCH4a8hY+wKAnN/mt0V0"
cf-cache-status: DYNAMIC
RUN=2 code=200 ttfb=0.827675 total=1.144555 size=36077
HTTP/2 200 
content-length: 36077
etag: W/"8ced-olNi77InCH4a8hY+wKAnN/mt0V0"
cf-cache-status: DYNAMIC
RUN=3 code=200 ttfb=0.874424 total=1.123856 size=36077
HTTP/2 200 
content-length: 36077
etag: W/"8ced-olNi77InCH4a8hY+wKAnN/mt0V0"
cf-cache-status: DYNAMIC
RUN=4 code=200 ttfb=0.913378 total=1.170341 size=36077
HTTP/2 200 
content-length: 36077
etag: W/"8ced-olNi77InCH4a8hY+wKAnN/mt0V0"
cf-cache-status: DYNAMIC
RUN=5 code=200 ttfb=0.808494 total=1.069050 size=36077
--- home-new-releases [prod_gzip] https://api.odemusics.com/api/home/new-releases ---
HTTP/2 200 
etag: W/"8ced-olNi77InCH4a8hY+wKAnN/mt0V0"
cf-cache-status: DYNAMIC
content-encoding: gzip
RUN=1 code=200 ttfb=0.826249 total=0.844943 size=7231
HTTP/2 200 
etag: W/"8ced-olNi77InCH4a8hY+wKAnN/mt0V0"
cf-cache-status: DYNAMIC
content-encoding: gzip
RUN=2 code=200 ttfb=0.850207 total=0.864426 size=7144
HTTP/2 200 
etag: W/"8ced-olNi77InCH4a8hY+wKAnN/mt0V0"
cf-cache-status: DYNAMIC
content-encoding: gzip
RUN=3 code=200 ttfb=0.834556 total=0.845915 size=7283
HTTP/2 200 
etag: W/"8ced-olNi77InCH4a8hY+wKAnN/mt0V0"
cf-cache-status: DYNAMIC
content-encoding: gzip
RUN=4 code=200 ttfb=0.833944 total=0.838373 size=7235
HTTP/2 200 
etag: W/"8ced-olNi77InCH4a8hY+wKAnN/mt0V0"
cf-cache-status: DYNAMIC
content-encoding: gzip
RUN=5 code=200 ttfb=0.820737 total=0.835354 size=7227
--- home-genre-recommendation [local] http://localhost:3001/api/home/genre-recommendation ---
HTTP/1.1 200 OK
Content-Length: 82495
ETag: W/"1423f-kX5P8UDeM6jzJeX1DruqpPj7/Gg"
RUN=1 code=200 ttfb=0.018228 total=0.018300 size=82495
HTTP/1.1 200 OK
Content-Length: 54836
ETag: W/"d634-0z0/7/9YTo5sbWPEBQ9qlh75xko"
RUN=2 code=200 ttfb=0.016839 total=0.016917 size=54836
HTTP/1.1 200 OK
Content-Length: 89404
ETag: W/"15d3c-CnNBnI0gFYtMjY7RytZbi6S58FA"
RUN=3 code=200 ttfb=0.016713 total=0.016772 size=89404
HTTP/1.1 200 OK
Content-Length: 117276
ETag: W/"1ca1c-Khrs0lV3Uv/Gs+rY2DCQYTejUF4"
RUN=4 code=200 ttfb=0.009152 total=0.009235 size=117276
HTTP/1.1 200 OK
Content-Length: 86410
ETag: W/"1518a-eCgWc48p9N3UpMY7xTMvLsnhP+U"
RUN=5 code=200 ttfb=0.007822 total=0.007923 size=86410
--- home-genre-recommendation [prod] https://api.odemusics.com/api/home/genre-recommendation ---
HTTP/2 200 
content-length: 69042
etag: W/"10db2-PF85qS86uzT0bAOeZgDBSMaW5+I"
cf-cache-status: DYNAMIC
RUN=1 code=200 ttfb=0.781595 total=1.216486 size=69042
HTTP/2 200 
content-length: 69267
etag: W/"10e93-BkmJnJgO52E2ldkWPC5SiMb9sy4"
cf-cache-status: DYNAMIC
RUN=2 code=200 ttfb=0.787665 total=1.216164 size=69267
HTTP/2 200 
content-length: 59553
etag: W/"e8a1-LlgYQ1HFBGWU6mWpTET1c7JoLtI"
cf-cache-status: DYNAMIC
RUN=3 code=200 ttfb=0.778257 total=1.159916 size=59553
HTTP/2 200 
content-length: 74557
etag: W/"1233d-NiZUimvIjARl5Dxmb6MTfr0/VHM"
cf-cache-status: DYNAMIC
RUN=4 code=200 ttfb=0.777672 total=1.313721 size=74557
HTTP/2 200 
content-length: 87004
etag: W/"153dc-y6eo56RYE2rXFh1B07oIlJ3T3k8"
cf-cache-status: DYNAMIC
RUN=5 code=200 ttfb=0.787102 total=1.257764 size=87004
--- home-genre-recommendation [prod_gzip] https://api.odemusics.com/api/home/genre-recommendation ---
HTTP/2 200 
etag: W/"129ca-zlfFzItb/uQkJI+i0cnmZIUvO5U"
cf-cache-status: DYNAMIC
content-encoding: gzip
RUN=1 code=200 ttfb=0.806787 total=0.989115 size=14888
HTTP/2 200 
etag: W/"1e83b-h6g7fLJNtiWYowe+461YJgUC7fs"
cf-cache-status: DYNAMIC
content-encoding: gzip
RUN=2 code=200 ttfb=0.786377 total=0.987932 size=23796
HTTP/2 200 
etag: W/"12c8a-hFtga5Z6dgH07Sifn/7y9QSkn+8"
cf-cache-status: DYNAMIC
content-encoding: gzip
RUN=3 code=200 ttfb=0.761955 total=0.941006 size=15191
HTTP/2 200 
etag: W/"167df-c6CLmyC9bSEDNOtPjjjvjFG5eh0"
cf-cache-status: DYNAMIC
content-encoding: gzip
RUN=4 code=200 ttfb=0.777134 total=0.962983 size=17208
HTTP/2 200 
etag: W/"132d4-UKIUKVBa415lKAi4fKbm810x6Kk"
cf-cache-status: DYNAMIC
content-encoding: gzip
RUN=5 code=200 ttfb=0.855840 total=0.909631 size=13332
--- home-based-on-taste [local] http://localhost:3001/api/home/based-on-taste ---
HTTP/1.1 200 OK
Content-Length: 86252
ETag: W/"150ec-Trr7D2RdU879ZsoRqOnaV3OZXvk"
RUN=1 code=200 ttfb=0.018379 total=0.018451 size=86252
HTTP/1.1 200 OK
Content-Length: 68873
ETag: W/"10d09-gmFQqDiUPnpsUjHV/h7qwWcsHb4"
RUN=2 code=200 ttfb=0.018454 total=0.018533 size=68873
HTTP/1.1 200 OK
Content-Length: 133556
ETag: W/"209b4-jvFKCy4m9SAdz/Vr4AqmtlN9cdo"
RUN=3 code=200 ttfb=0.016137 total=0.016232 size=133556
HTTP/1.1 200 OK
Content-Length: 77347
ETag: W/"12e23-BRdES5nk2rLhlMqrC5P08YxTBnI"
RUN=4 code=200 ttfb=0.010872 total=0.010994 size=77347
HTTP/1.1 200 OK
Content-Length: 80977
ETag: W/"13c51-I4kQCFvrmxMwpTuXLmO785+PGR4"
RUN=5 code=200 ttfb=0.012643 total=0.012750 size=80977
--- home-based-on-taste [prod] https://api.odemusics.com/api/home/based-on-taste ---
HTTP/2 200 
content-length: 148937
etag: W/"245c9-wk6yWdURGfV7eeSPNGVivzgvTtU"
cf-cache-status: DYNAMIC
RUN=1 code=200 ttfb=0.793053 total=1.395698 size=148937
HTTP/2 200 
content-length: 69929
etag: W/"11129-qiUleB6/UWdla35WA6v7JvyYCEo"
cf-cache-status: DYNAMIC
RUN=2 code=200 ttfb=0.828555 total=1.425880 size=69929
HTTP/2 200 
content-length: 68160
etag: W/"10a40-6TXYpLXrxMutB6v+KmrQyeihbZw"
cf-cache-status: DYNAMIC
RUN=3 code=200 ttfb=0.759230 total=1.188127 size=68160
HTTP/2 200 
content-length: 63839
etag: W/"f95f-NQ84GXH5+TeLUHOy6uI4rNQD+1Y"
cf-cache-status: DYNAMIC
RUN=4 code=200 ttfb=0.794698 total=1.189839 size=63839
HTTP/2 200 
content-length: 68203
etag: W/"10a6b-pjS+TF0W+fAzeDMlWNq03+dzMA8"
cf-cache-status: DYNAMIC
RUN=5 code=200 ttfb=0.778748 total=1.188676 size=68203
--- home-based-on-taste [prod_gzip] https://api.odemusics.com/api/home/based-on-taste ---
HTTP/2 200 
etag: W/"13b25-5VPXtycTCYknq2awDXPWAmd0dq0"
cf-cache-status: DYNAMIC
content-encoding: gzip
RUN=1 code=200 ttfb=0.812582 total=0.992508 size=17451
HTTP/2 200 
etag: W/"18768-Ht1l7UbhuyK0FPAGC30Mte3s3Dw"
cf-cache-status: DYNAMIC
content-encoding: gzip
RUN=2 code=200 ttfb=0.791506 total=0.977213 size=20211
HTTP/2 200 
etag: W/"14cf4-UwR9o8GoTEKFjSL37CVXC9pzVU4"
cf-cache-status: DYNAMIC
content-encoding: gzip
RUN=3 code=200 ttfb=0.806109 total=0.991526 size=16299
HTTP/2 200 
etag: W/"11fed-pnx3V4hWgsXau0+dc3p6vyZ72Ok"
cf-cache-status: DYNAMIC
content-encoding: gzip
RUN=4 code=200 ttfb=0.820772 total=0.868873 size=15211
HTTP/2 200 
etag: W/"15de3-jMAQt1Nt4dUHuIt48V0qGB+TEoA"
cf-cache-status: DYNAMIC
content-encoding: gzip
RUN=5 code=200 ttfb=0.790415 total=0.980634 size=17569
--- home-resonating [local] http://localhost:3001/api/home/resonating ---
HTTP/1.1 200 OK
Content-Length: 10007
ETag: W/"2717-lDYDudWkSSQQE7bWEqbQNsQbv3M"
RUN=1 code=200 ttfb=0.021853 total=0.021967 size=10007
HTTP/1.1 200 OK
Content-Length: 10007
ETag: W/"2717-lDYDudWkSSQQE7bWEqbQNsQbv3M"
RUN=2 code=200 ttfb=0.021166 total=0.021314 size=10007
HTTP/1.1 200 OK
Content-Length: 10007
ETag: W/"2717-lDYDudWkSSQQE7bWEqbQNsQbv3M"
RUN=3 code=200 ttfb=0.010069 total=0.010148 size=10007
HTTP/1.1 200 OK
Content-Length: 10007
ETag: W/"2717-lDYDudWkSSQQE7bWEqbQNsQbv3M"
RUN=4 code=200 ttfb=0.007077 total=0.007160 size=10007
HTTP/1.1 200 OK
Content-Length: 10007
ETag: W/"2717-lDYDudWkSSQQE7bWEqbQNsQbv3M"
RUN=5 code=200 ttfb=0.007354 total=0.007433 size=10007
--- home-resonating [prod] https://api.odemusics.com/api/home/resonating ---
HTTP/2 200 
content-length: 10007
etag: W/"2717-lDYDudWkSSQQE7bWEqbQNsQbv3M"
cf-cache-status: DYNAMIC
RUN=1 code=200 ttfb=0.793855 total=0.819309 size=10007
HTTP/2 200 
content-length: 10007
etag: W/"2717-lDYDudWkSSQQE7bWEqbQNsQbv3M"
cf-cache-status: DYNAMIC
RUN=2 code=200 ttfb=0.779682 total=0.817040 size=10007
HTTP/2 200 
content-length: 10007
etag: W/"2717-lDYDudWkSSQQE7bWEqbQNsQbv3M"
cf-cache-status: DYNAMIC
RUN=3 code=200 ttfb=0.773520 total=0.800582 size=10007
HTTP/2 200 
content-length: 10007
etag: W/"2717-lDYDudWkSSQQE7bWEqbQNsQbv3M"
cf-cache-status: DYNAMIC
RUN=4 code=200 ttfb=0.819484 total=0.842141 size=10007
HTTP/2 200 
content-length: 10007
etag: W/"2717-lDYDudWkSSQQE7bWEqbQNsQbv3M"
cf-cache-status: DYNAMIC
RUN=5 code=200 ttfb=0.781436 total=0.821526 size=10007
--- home-resonating [prod_gzip] https://api.odemusics.com/api/home/resonating ---
HTTP/2 200 
etag: W/"2717-lDYDudWkSSQQE7bWEqbQNsQbv3M"
cf-cache-status: DYNAMIC
content-encoding: gzip
RUN=1 code=200 ttfb=0.820827 total=0.821400 size=2717
HTTP/2 200 
etag: W/"2717-lDYDudWkSSQQE7bWEqbQNsQbv3M"
cf-cache-status: DYNAMIC
content-encoding: gzip
RUN=2 code=200 ttfb=0.781792 total=0.782207 size=2778
HTTP/2 200 
etag: W/"2717-lDYDudWkSSQQE7bWEqbQNsQbv3M"
cf-cache-status: DYNAMIC
content-encoding: gzip
RUN=3 code=200 ttfb=0.772670 total=0.772884 size=2717
HTTP/2 200 
etag: W/"2717-lDYDudWkSSQQE7bWEqbQNsQbv3M"
cf-cache-status: DYNAMIC
content-encoding: gzip
RUN=4 code=200 ttfb=0.763333 total=0.763770 size=2717
HTTP/2 200 
etag: W/"2717-lDYDudWkSSQQE7bWEqbQNsQbv3M"
cf-cache-status: DYNAMIC
content-encoding: gzip
RUN=5 code=200 ttfb=0.762200 total=0.776990 size=2771
--- home-top-verses [local] http://localhost:3001/api/home/top-verses ---
HTTP/1.1 200 OK
Content-Length: 10007
ETag: W/"2717-lDYDudWkSSQQE7bWEqbQNsQbv3M"
RUN=1 code=200 ttfb=0.013435 total=0.013487 size=10007
HTTP/1.1 200 OK
Content-Length: 10007
ETag: W/"2717-lDYDudWkSSQQE7bWEqbQNsQbv3M"
RUN=2 code=200 ttfb=0.010596 total=0.010648 size=10007
HTTP/1.1 200 OK
Content-Length: 10007
ETag: W/"2717-lDYDudWkSSQQE7bWEqbQNsQbv3M"
RUN=3 code=200 ttfb=0.011271 total=0.011336 size=10007
HTTP/1.1 200 OK
Content-Length: 10007
ETag: W/"2717-lDYDudWkSSQQE7bWEqbQNsQbv3M"
RUN=4 code=200 ttfb=0.010522 total=0.010564 size=10007
HTTP/1.1 200 OK
Content-Length: 10007
ETag: W/"2717-lDYDudWkSSQQE7bWEqbQNsQbv3M"
RUN=5 code=200 ttfb=0.011605 total=0.011650 size=10007
--- home-top-verses [prod] https://api.odemusics.com/api/home/top-verses ---
HTTP/2 200 
content-length: 10007
etag: W/"2717-lDYDudWkSSQQE7bWEqbQNsQbv3M"
cf-cache-status: DYNAMIC
RUN=1 code=200 ttfb=0.762435 total=0.763965 size=10007
HTTP/2 200 
content-length: 10007
etag: W/"2717-lDYDudWkSSQQE7bWEqbQNsQbv3M"
cf-cache-status: DYNAMIC
RUN=2 code=200 ttfb=0.780756 total=0.805594 size=10007
HTTP/2 200 
content-length: 10007
etag: W/"2717-lDYDudWkSSQQE7bWEqbQNsQbv3M"
cf-cache-status: DYNAMIC
RUN=3 code=200 ttfb=0.758920 total=0.792965 size=10007
HTTP/2 200 
content-length: 10007
etag: W/"2717-lDYDudWkSSQQE7bWEqbQNsQbv3M"
cf-cache-status: DYNAMIC
RUN=4 code=200 ttfb=0.809110 total=0.820255 size=10007
HTTP/2 200 
content-length: 10007
etag: W/"2717-lDYDudWkSSQQE7bWEqbQNsQbv3M"
cf-cache-status: DYNAMIC
RUN=5 code=200 ttfb=0.773491 total=0.799459 size=10007
--- home-top-verses [prod_gzip] https://api.odemusics.com/api/home/top-verses ---
HTTP/2 200 
etag: W/"2717-lDYDudWkSSQQE7bWEqbQNsQbv3M"
cf-cache-status: DYNAMIC
content-encoding: gzip
RUN=1 code=200 ttfb=0.786744 total=0.786870 size=2717
HTTP/2 200 
etag: W/"2717-lDYDudWkSSQQE7bWEqbQNsQbv3M"
cf-cache-status: DYNAMIC
content-encoding: gzip
RUN=2 code=200 ttfb=0.813043 total=0.813484 size=2717
HTTP/2 200 
etag: W/"2717-lDYDudWkSSQQE7bWEqbQNsQbv3M"
cf-cache-status: DYNAMIC
content-encoding: gzip
RUN=3 code=200 ttfb=0.772252 total=0.772390 size=2717
HTTP/2 200 
etag: W/"2717-lDYDudWkSSQQE7bWEqbQNsQbv3M"
cf-cache-status: DYNAMIC
content-encoding: gzip
RUN=4 code=200 ttfb=0.814840 total=0.815547 size=2717
HTTP/2 200 
etag: W/"2717-lDYDudWkSSQQE7bWEqbQNsQbv3M"
cf-cache-status: DYNAMIC
content-encoding: gzip
RUN=5 code=200 ttfb=0.784479 total=0.784624 size=2717
--- home-folk-sharing [local] http://localhost:3001/api/home/folk-sharing ---
HTTP/1.1 200 OK
Content-Length: 2
ETag: W/"2-l9Fw4VUO7kr8CvBlt4zaMCqXZ0w"
RUN=1 code=200 ttfb=0.012451 total=0.012525 size=2
HTTP/1.1 200 OK
Content-Length: 2
ETag: W/"2-l9Fw4VUO7kr8CvBlt4zaMCqXZ0w"
RUN=2 code=200 ttfb=0.012136 total=0.012209 size=2
HTTP/1.1 200 OK
Content-Length: 2
ETag: W/"2-l9Fw4VUO7kr8CvBlt4zaMCqXZ0w"
RUN=3 code=200 ttfb=0.014086 total=0.014147 size=2
HTTP/1.1 200 OK
Content-Length: 2
ETag: W/"2-l9Fw4VUO7kr8CvBlt4zaMCqXZ0w"
RUN=4 code=200 ttfb=0.012488 total=0.012556 size=2
HTTP/1.1 200 OK
Content-Length: 2
ETag: W/"2-l9Fw4VUO7kr8CvBlt4zaMCqXZ0w"
RUN=5 code=200 ttfb=0.012449 total=0.012514 size=2
--- home-folk-sharing [prod] https://api.odemusics.com/api/home/folk-sharing ---
HTTP/2 200 
content-length: 2
etag: W/"2-l9Fw4VUO7kr8CvBlt4zaMCqXZ0w"
cf-cache-status: DYNAMIC
RUN=1 code=200 ttfb=0.781613 total=0.781821 size=2
HTTP/2 200 
content-length: 2
etag: W/"2-l9Fw4VUO7kr8CvBlt4zaMCqXZ0w"
cf-cache-status: DYNAMIC
RUN=2 code=200 ttfb=0.793410 total=0.793551 size=2
HTTP/2 200 
content-length: 2
etag: W/"2-l9Fw4VUO7kr8CvBlt4zaMCqXZ0w"
cf-cache-status: DYNAMIC
RUN=3 code=200 ttfb=0.775621 total=0.775865 size=2
HTTP/2 200 
content-length: 2
etag: W/"2-l9Fw4VUO7kr8CvBlt4zaMCqXZ0w"
cf-cache-status: DYNAMIC
RUN=4 code=200 ttfb=0.874872 total=0.875111 size=2
HTTP/2 200 
content-length: 2
etag: W/"2-l9Fw4VUO7kr8CvBlt4zaMCqXZ0w"
cf-cache-status: DYNAMIC
RUN=5 code=200 ttfb=0.809344 total=0.809506 size=2
--- home-folk-sharing [prod_gzip] https://api.odemusics.com/api/home/folk-sharing ---
HTTP/2 200 
content-length: 2
etag: W/"2-l9Fw4VUO7kr8CvBlt4zaMCqXZ0w"
cf-cache-status: DYNAMIC
RUN=1 code=200 ttfb=0.827555 total=0.827937 size=2
HTTP/2 200 
content-length: 2
etag: W/"2-l9Fw4VUO7kr8CvBlt4zaMCqXZ0w"
cf-cache-status: DYNAMIC
RUN=2 code=200 ttfb=0.951140 total=0.951416 size=2
HTTP/2 200 
content-length: 2
etag: W/"2-l9Fw4VUO7kr8CvBlt4zaMCqXZ0w"
cf-cache-status: DYNAMIC
RUN=3 code=200 ttfb=0.857054 total=0.857223 size=2
HTTP/2 200 
content-length: 2
etag: W/"2-l9Fw4VUO7kr8CvBlt4zaMCqXZ0w"
cf-cache-status: DYNAMIC
RUN=4 code=200 ttfb=0.785963 total=0.786219 size=2
HTTP/2 200 
content-length: 2
etag: W/"2-l9Fw4VUO7kr8CvBlt4zaMCqXZ0w"
cf-cache-status: DYNAMIC
RUN=5 code=200 ttfb=0.816709 total=0.816869 size=2
--- home-combined-charts [local] http://localhost:3001/api/home/combined-charts ---
HTTP/1.1 200 OK
Content-Length: 10007
ETag: W/"2717-lDYDudWkSSQQE7bWEqbQNsQbv3M"
RUN=1 code=200 ttfb=0.054857 total=0.055003 size=10007
HTTP/1.1 200 OK
Content-Length: 10007
ETag: W/"2717-lDYDudWkSSQQE7bWEqbQNsQbv3M"
RUN=2 code=200 ttfb=0.044565 total=0.044829 size=10007
HTTP/1.1 200 OK
Content-Length: 10007
ETag: W/"2717-lDYDudWkSSQQE7bWEqbQNsQbv3M"
RUN=3 code=200 ttfb=0.007886 total=0.007996 size=10007
HTTP/1.1 200 OK
Content-Length: 10007
ETag: W/"2717-lDYDudWkSSQQE7bWEqbQNsQbv3M"
RUN=4 code=200 ttfb=0.095330 total=0.095535 size=10007
HTTP/1.1 200 OK
Content-Length: 10007
ETag: W/"2717-lDYDudWkSSQQE7bWEqbQNsQbv3M"
RUN=5 code=200 ttfb=0.024411 total=0.024606 size=10007
--- home-combined-charts [prod] https://api.odemusics.com/api/home/combined-charts ---
HTTP/2 200 
content-length: 10007
etag: W/"2717-lDYDudWkSSQQE7bWEqbQNsQbv3M"
cf-cache-status: DYNAMIC
RUN=1 code=200 ttfb=0.860427 total=0.879400 size=10007
HTTP/2 200 
content-length: 10007
etag: W/"2717-lDYDudWkSSQQE7bWEqbQNsQbv3M"
cf-cache-status: DYNAMIC
RUN=2 code=200 ttfb=0.896135 total=0.925058 size=10007
HTTP/2 200 
content-length: 10007
etag: W/"2717-lDYDudWkSSQQE7bWEqbQNsQbv3M"
cf-cache-status: DYNAMIC
RUN=3 code=200 ttfb=0.860338 total=0.885641 size=10007
HTTP/2 200 
content-length: 10007
etag: W/"2717-lDYDudWkSSQQE7bWEqbQNsQbv3M"
cf-cache-status: DYNAMIC
RUN=4 code=200 ttfb=0.993881 total=1.020107 size=10007
HTTP/2 200 
content-length: 10007
etag: W/"2717-lDYDudWkSSQQE7bWEqbQNsQbv3M"
cf-cache-status: DYNAMIC
RUN=5 code=200 ttfb=0.875412 total=0.911406 size=10007
--- home-combined-charts [prod_gzip] https://api.odemusics.com/api/home/combined-charts ---
HTTP/2 200 
etag: W/"2717-lDYDudWkSSQQE7bWEqbQNsQbv3M"
cf-cache-status: DYNAMIC
content-encoding: gzip
RUN=1 code=200 ttfb=0.898327 total=0.898647 size=2717
HTTP/2 200 
etag: W/"2717-lDYDudWkSSQQE7bWEqbQNsQbv3M"
cf-cache-status: DYNAMIC
content-encoding: gzip
RUN=2 code=200 ttfb=0.863908 total=0.864247 size=2717
HTTP/2 200 
etag: W/"2717-lDYDudWkSSQQE7bWEqbQNsQbv3M"
cf-cache-status: DYNAMIC
content-encoding: gzip
RUN=3 code=200 ttfb=0.808927 total=0.809099 size=2717
HTTP/2 200 
etag: W/"2717-lDYDudWkSSQQE7bWEqbQNsQbv3M"
cf-cache-status: DYNAMIC
content-encoding: gzip
RUN=4 code=200 ttfb=0.914659 total=0.914847 size=2717
HTTP/2 200 
etag: W/"2717-lDYDudWkSSQQE7bWEqbQNsQbv3M"
cf-cache-status: DYNAMIC
content-encoding: gzip
RUN=5 code=200 ttfb=0.857616 total=0.861173 size=2717
--- search-zh [local] http://localhost:3001/api/search/all?q=%E6%81%A9%E5%85%B8 ---
HTTP/1.1 200 OK
Content-Length: 465985
ETag: W/"71c41-Vsw74Z3VXSJ8WqGaB5IHg4ypy6I"
RUN=1 code=200 ttfb=0.248590 total=0.253413 size=465985
HTTP/1.1 200 OK
Content-Length: 465985
ETag: W/"71c41-Vsw74Z3VXSJ8WqGaB5IHg4ypy6I"
RUN=2 code=200 ttfb=0.148480 total=0.149274 size=465985
HTTP/1.1 200 OK
Content-Length: 465985
ETag: W/"71c41-Vsw74Z3VXSJ8WqGaB5IHg4ypy6I"
RUN=3 code=200 ttfb=0.129300 total=0.135573 size=465985
HTTP/1.1 200 OK
Content-Length: 465985
ETag: W/"71c41-Vsw74Z3VXSJ8WqGaB5IHg4ypy6I"
RUN=4 code=200 ttfb=0.195717 total=0.196148 size=465985
HTTP/1.1 200 OK
Content-Length: 465985
ETag: W/"71c41-Vsw74Z3VXSJ8WqGaB5IHg4ypy6I"
RUN=5 code=200 ttfb=0.160606 total=0.163839 size=465985
--- search-zh [prod] https://api.odemusics.com/api/search/all?q=%E6%81%A9%E5%85%B8 ---
HTTP/2 200 
content-length: 465985
etag: W/"71c41-Vsw74Z3VXSJ8WqGaB5IHg4ypy6I"
cf-cache-status: DYNAMIC
RUN=1 code=200 ttfb=0.885524 total=1.826710 size=465985
HTTP/2 200 
content-length: 465985
etag: W/"71c41-Vsw74Z3VXSJ8WqGaB5IHg4ypy6I"
cf-cache-status: DYNAMIC
RUN=2 code=200 ttfb=0.920791 total=1.845939 size=465985
HTTP/2 200 
content-length: 465985
etag: W/"71c41-Vsw74Z3VXSJ8WqGaB5IHg4ypy6I"
cf-cache-status: DYNAMIC
RUN=3 code=200 ttfb=1.076703 total=1.993005 size=465985
HTTP/2 200 
content-length: 465985
etag: W/"71c41-Vsw74Z3VXSJ8WqGaB5IHg4ypy6I"
cf-cache-status: DYNAMIC
RUN=4 code=200 ttfb=0.945223 total=1.998419 size=465985
HTTP/2 200 
content-length: 465985
etag: W/"71c41-Vsw74Z3VXSJ8WqGaB5IHg4ypy6I"
cf-cache-status: DYNAMIC
RUN=5 code=200 ttfb=0.851164 total=1.852176 size=465985
--- search-zh [prod_gzip] https://api.odemusics.com/api/search/all?q=%E6%81%A9%E5%85%B8 ---
HTTP/2 200 
etag: W/"71c41-Vsw74Z3VXSJ8WqGaB5IHg4ypy6I"
cf-cache-status: DYNAMIC
content-encoding: gzip
RUN=1 code=200 ttfb=1.020688 total=1.487736 size=84361
HTTP/2 200 
etag: W/"71c41-Vsw74Z3VXSJ8WqGaB5IHg4ypy6I"
cf-cache-status: DYNAMIC
content-encoding: gzip
RUN=2 code=200 ttfb=0.898920 total=1.357610 size=83524
HTTP/2 200 
etag: W/"71c41-Vsw74Z3VXSJ8WqGaB5IHg4ypy6I"
cf-cache-status: DYNAMIC
content-encoding: gzip
RUN=3 code=200 ttfb=0.960421 total=1.421848 size=83457
HTTP/2 200 
etag: W/"71c41-Vsw74Z3VXSJ8WqGaB5IHg4ypy6I"
cf-cache-status: DYNAMIC
content-encoding: gzip
RUN=4 code=200 ttfb=1.239953 total=1.727858 size=82881
HTTP/2 200 
etag: W/"71c41-Vsw74Z3VXSJ8WqGaB5IHg4ypy6I"
cf-cache-status: DYNAMIC
content-encoding: gzip
RUN=5 code=200 ttfb=1.084682 total=1.583795 size=83469
--- search-en [local] http://localhost:3001/api/search/all?q=grace ---
HTTP/1.1 200 OK
Content-Length: 498995
ETag: W/"79d33-9wbwrAN8nPTygpfI7jPMR/7+pE4"
RUN=1 code=200 ttfb=0.169885 total=0.184386 size=498995
HTTP/1.1 200 OK
Content-Length: 498995
ETag: W/"79d33-9wbwrAN8nPTygpfI7jPMR/7+pE4"
RUN=2 code=200 ttfb=0.317081 total=0.317514 size=498995
HTTP/1.1 200 OK
Content-Length: 498995
ETag: W/"79d33-9wbwrAN8nPTygpfI7jPMR/7+pE4"
RUN=3 code=200 ttfb=0.140658 total=0.142770 size=498995
HTTP/1.1 200 OK
Content-Length: 498995
ETag: W/"79d33-9wbwrAN8nPTygpfI7jPMR/7+pE4"
RUN=4 code=200 ttfb=0.112538 total=0.114498 size=498995
HTTP/1.1 200 OK
Content-Length: 498995
ETag: W/"79d33-9wbwrAN8nPTygpfI7jPMR/7+pE4"
RUN=5 code=200 ttfb=0.149481 total=0.149854 size=498995
--- search-en [prod] https://api.odemusics.com/api/search/all?q=grace ---
HTTP/2 200 
content-length: 498995
etag: W/"79d33-9wbwrAN8nPTygpfI7jPMR/7+pE4"
cf-cache-status: DYNAMIC
RUN=1 code=200 ttfb=0.969547 total=1.920598 size=498995
HTTP/2 200 
content-length: 498995
etag: W/"79d33-9wbwrAN8nPTygpfI7jPMR/7+pE4"
cf-cache-status: DYNAMIC
RUN=2 code=200 ttfb=0.951179 total=1.941075 size=498995
HTTP/2 200 
content-length: 498995
etag: W/"79d33-9wbwrAN8nPTygpfI7jPMR/7+pE4"
cf-cache-status: DYNAMIC
RUN=3 code=200 ttfb=0.995256 total=2.070749 size=498995
HTTP/2 200 
content-length: 498995
etag: W/"79d33-9wbwrAN8nPTygpfI7jPMR/7+pE4"
cf-cache-status: DYNAMIC
RUN=4 code=200 ttfb=0.912957 total=1.939887 size=498995
HTTP/2 200 
content-length: 498995
etag: W/"79d33-9wbwrAN8nPTygpfI7jPMR/7+pE4"
cf-cache-status: DYNAMIC
RUN=5 code=200 ttfb=0.965278 total=1.943312 size=498995
--- search-en [prod_gzip] https://api.odemusics.com/api/search/all?q=grace ---
HTTP/2 200 
etag: W/"79d33-9wbwrAN8nPTygpfI7jPMR/7+pE4"
cf-cache-status: DYNAMIC
content-encoding: gzip
RUN=1 code=200 ttfb=1.110718 total=1.641904 size=89069
HTTP/2 200 
etag: W/"79d33-9wbwrAN8nPTygpfI7jPMR/7+pE4"
cf-cache-status: DYNAMIC
content-encoding: gzip
RUN=2 code=200 ttfb=1.068569 total=1.539458 size=89424
HTTP/2 200 
etag: W/"79d33-9wbwrAN8nPTygpfI7jPMR/7+pE4"
cf-cache-status: DYNAMIC
content-encoding: gzip
RUN=3 code=200 ttfb=0.917456 total=1.423951 size=89080
HTTP/2 200 
etag: W/"79d33-9wbwrAN8nPTygpfI7jPMR/7+pE4"
cf-cache-status: DYNAMIC
content-encoding: gzip
RUN=4 code=200 ttfb=1.133827 total=1.701730 size=89208
HTTP/2 200 
etag: W/"79d33-9wbwrAN8nPTygpfI7jPMR/7+pE4"
cf-cache-status: DYNAMIC
content-encoding: gzip
RUN=5 code=200 ttfb=0.934543 total=1.463927 size=89075
--- category-mandarin [local] http://localhost:3001/api/category/mandarin ---
HTTP/1.1 200 OK
Content-Length: 35145812
ETag: W/"2184854-Mr/tGX/gjyUhKeqMMCuzJ6QIfm8"
RUN=1 code=200 ttfb=2.617225 total=2.814777 size=35145812
HTTP/1.1 200 OK
Content-Length: 35145812
ETag: W/"2184854-Mr/tGX/gjyUhKeqMMCuzJ6QIfm8"
RUN=2 code=200 ttfb=2.394041 total=2.523852 size=35145812
HTTP/1.1 200 OK
Content-Length: 35145812
ETag: W/"2184854-Mr/tGX/gjyUhKeqMMCuzJ6QIfm8"
RUN=3 code=200 ttfb=2.360331 total=2.463805 size=35145812
HTTP/1.1 200 OK
Content-Length: 35145812
ETag: W/"2184854-Mr/tGX/gjyUhKeqMMCuzJ6QIfm8"
RUN=4 code=200 ttfb=2.178502 total=2.440293 size=35145812
HTTP/1.1 200 OK
Content-Length: 35145812
ETag: W/"2184854-Mr/tGX/gjyUhKeqMMCuzJ6QIfm8"
RUN=5 code=200 ttfb=2.952699 total=3.178678 size=35145812
--- category-mandarin [prod] https://api.odemusics.com/api/category/mandarin ---
HTTP/2 200 
content-length: 35145812
etag: W/"2184854-Mr/tGX/gjyUhKeqMMCuzJ6QIfm8"
cf-cache-status: DYNAMIC
RUN=1 code=200 ttfb=3.796718 total=31.443896 size=35145812
HTTP/2 200 
content-length: 35145812
etag: W/"2184854-Mr/tGX/gjyUhKeqMMCuzJ6QIfm8"
cf-cache-status: DYNAMIC
RUN=2 code=200 ttfb=5.637129 total=32.988806 size=35145812
HTTP/2 200 
content-length: 35145812
etag: W/"2184854-Mr/tGX/gjyUhKeqMMCuzJ6QIfm8"
cf-cache-status: DYNAMIC
RUN=3 code=200 ttfb=6.813714 total=21.673316 size=35145812
HTTP/2 200 
content-length: 35145812
etag: W/"2184854-Mr/tGX/gjyUhKeqMMCuzJ6QIfm8"
cf-cache-status: DYNAMIC
RUN=4 code=200 ttfb=2.061138 total=21.045138 size=35145812
HTTP/2 200 
content-length: 35145812
etag: W/"2184854-Mr/tGX/gjyUhKeqMMCuzJ6QIfm8"
cf-cache-status: DYNAMIC
RUN=5 code=200 ttfb=1.235922 total=21.217081 size=35145812
--- category-mandarin [prod_gzip] https://api.odemusics.com/api/category/mandarin ---
HTTP/2 200 
etag: W/"2184854-Mr/tGX/gjyUhKeqMMCuzJ6QIfm8"
cf-cache-status: DYNAMIC
content-encoding: gzip
RUN=1 code=200 ttfb=1.112900 total=19.163385 size=5680020
HTTP/2 200 
etag: W/"2184854-Mr/tGX/gjyUhKeqMMCuzJ6QIfm8"
cf-cache-status: DYNAMIC
content-encoding: gzip
RUN=2 code=200 ttfb=1.106549 total=29.206271 size=5691952
HTTP/2 200 
etag: W/"2184854-Mr/tGX/gjyUhKeqMMCuzJ6QIfm8"
cf-cache-status: DYNAMIC
content-encoding: gzip
RUN=3 code=200 ttfb=1.101884 total=38.322238 size=5694789
HTTP/2 200 
etag: W/"2184854-Mr/tGX/gjyUhKeqMMCuzJ6QIfm8"
cf-cache-status: DYNAMIC
content-encoding: gzip
RUN=4 code=200 ttfb=1.695797 total=73.579860 size=5726740
HTTP/2 200 
etag: W/"2184854-Mr/tGX/gjyUhKeqMMCuzJ6QIfm8"
cf-cache-status: DYNAMIC
content-encoding: gzip
RUN=5 code=200 ttfb=1.193527 total=61.484354 size=5721854
--- category-cantonese [local] http://localhost:3001/api/category/cantonese ---
HTTP/1.1 200 OK
Content-Length: 15971383
ETag: W/"f3b437-ftdIxwuAdNdA1680Y9CMZ4A3VK8"
RUN=1 code=200 ttfb=0.217971 total=0.222821 size=15971383
HTTP/1.1 200 OK
Content-Length: 15971383
ETag: W/"f3b437-ftdIxwuAdNdA1680Y9CMZ4A3VK8"
RUN=2 code=200 ttfb=0.147164 total=0.152744 size=15971383
HTTP/1.1 200 OK
Content-Length: 15971383
ETag: W/"f3b437-ftdIxwuAdNdA1680Y9CMZ4A3VK8"
RUN=3 code=200 ttfb=0.138537 total=0.145719 size=15971383
HTTP/1.1 200 OK
Content-Length: 15971383
ETag: W/"f3b437-ftdIxwuAdNdA1680Y9CMZ4A3VK8"
RUN=4 code=200 ttfb=0.136700 total=0.142511 size=15971383
HTTP/1.1 200 OK
Content-Length: 15971383
ETag: W/"f3b437-ftdIxwuAdNdA1680Y9CMZ4A3VK8"
RUN=5 code=200 ttfb=0.136460 total=0.144078 size=15971383
--- category-cantonese [prod] https://api.odemusics.com/api/category/cantonese ---
HTTP/2 200 
content-length: 15971383
etag: W/"f3b437-ftdIxwuAdNdA1680Y9CMZ4A3VK8"
cf-cache-status: DYNAMIC
RUN=1 code=200 ttfb=0.974965 total=22.262043 size=15971383
HTTP/2 200 
content-length: 15971383
etag: W/"f3b437-ftdIxwuAdNdA1680Y9CMZ4A3VK8"
cf-cache-status: DYNAMIC
RUN=2 code=200 ttfb=0.933005 total=16.418213 size=15971383
HTTP/2 200 
content-length: 15971383
etag: W/"f3b437-ftdIxwuAdNdA1680Y9CMZ4A3VK8"
cf-cache-status: DYNAMIC
RUN=3 code=200 ttfb=0.970592 total=29.223037 size=15971383
HTTP/2 200 
content-length: 15971383
etag: W/"f3b437-ftdIxwuAdNdA1680Y9CMZ4A3VK8"
cf-cache-status: DYNAMIC
RUN=4 code=200 ttfb=1.049347 total=23.955815 size=15971383
HTTP/2 200 
content-length: 15971383
etag: W/"f3b437-ftdIxwuAdNdA1680Y9CMZ4A3VK8"
cf-cache-status: DYNAMIC
RUN=5 code=200 ttfb=1.061951 total=29.461955 size=15971383
--- category-cantonese [prod_gzip] https://api.odemusics.com/api/category/cantonese ---
HTTP/2 200 
etag: W/"f3b437-ftdIxwuAdNdA1680Y9CMZ4A3VK8"
cf-cache-status: DYNAMIC
content-encoding: gzip
RUN=1 code=200 ttfb=1.040370 total=31.423178 size=3063453
HTTP/2 200 
etag: W/"f3b437-ftdIxwuAdNdA1680Y9CMZ4A3VK8"
cf-cache-status: DYNAMIC
content-encoding: gzip
RUN=2 code=200 ttfb=0.968078 total=17.159663 size=3048170
HTTP/2 200 
etag: W/"f3b437-ftdIxwuAdNdA1680Y9CMZ4A3VK8"
cf-cache-status: DYNAMIC
content-encoding: gzip
RUN=3 code=200 ttfb=0.967450 total=11.827315 size=3034448
HTTP/2 200 
etag: W/"f3b437-ftdIxwuAdNdA1680Y9CMZ4A3VK8"
cf-cache-status: DYNAMIC
content-encoding: gzip
RUN=4 code=200 ttfb=0.938076 total=27.134727 size=3058147
HTTP/2 200 
etag: W/"f3b437-ftdIxwuAdNdA1680Y9CMZ4A3VK8"
cf-cache-status: DYNAMIC
content-encoding: gzip
RUN=5 code=200 ttfb=0.951854 total=19.284650 size=3048898
--- hls-warm42 [local] http://localhost:3001/api/hls/42.m3u8 ---
HTTP/1.1 200 OK
Cache-Control: no-store
Content-Length: 2301
ETag: W/"8fd-3SnroqiXZZB+enT0lx4Iw5SmyJ0"
RUN=1 code=200 ttfb=0.001702 total=0.001753 size=2301
HTTP/1.1 200 OK
Cache-Control: no-store
Content-Length: 2301
ETag: W/"8fd-3SnroqiXZZB+enT0lx4Iw5SmyJ0"
RUN=2 code=200 ttfb=0.001111 total=0.001154 size=2301
HTTP/1.1 200 OK
Cache-Control: no-store
Content-Length: 2301
ETag: W/"8fd-3SnroqiXZZB+enT0lx4Iw5SmyJ0"
RUN=3 code=200 ttfb=0.001199 total=0.001246 size=2301
HTTP/1.1 200 OK
Cache-Control: no-store
Content-Length: 2301
ETag: W/"8fd-3SnroqiXZZB+enT0lx4Iw5SmyJ0"
RUN=4 code=200 ttfb=0.001017 total=0.001060 size=2301
HTTP/1.1 200 OK
Cache-Control: no-store
Content-Length: 2301
ETag: W/"8fd-3SnroqiXZZB+enT0lx4Iw5SmyJ0"
RUN=5 code=200 ttfb=0.001126 total=0.001163 size=2301
--- hls-warm42 [prod] https://api.odemusics.com/api/hls/42.m3u8 ---
HTTP/2 200 
content-length: 2301
cache-control: no-store
etag: W/"8fd-3SnroqiXZZB+enT0lx4Iw5SmyJ0"
cf-cache-status: DYNAMIC
RUN=1 code=200 ttfb=0.985040 total=0.985159 size=2301
HTTP/2 200 
content-length: 2301
cache-control: no-store
etag: W/"8fd-3SnroqiXZZB+enT0lx4Iw5SmyJ0"
cf-cache-status: DYNAMIC
RUN=2 code=200 ttfb=0.767295 total=0.767513 size=2301
HTTP/2 200 
content-length: 2301
cache-control: no-store
etag: W/"8fd-3SnroqiXZZB+enT0lx4Iw5SmyJ0"
cf-cache-status: DYNAMIC
RUN=3 code=200 ttfb=0.762839 total=0.762962 size=2301
HTTP/2 200 
content-length: 2301
cache-control: no-store
etag: W/"8fd-3SnroqiXZZB+enT0lx4Iw5SmyJ0"
cf-cache-status: DYNAMIC
RUN=4 code=200 ttfb=0.792395 total=0.792532 size=2301
HTTP/2 200 
content-length: 2301
cache-control: no-store
etag: W/"8fd-3SnroqiXZZB+enT0lx4Iw5SmyJ0"
cf-cache-status: DYNAMIC
RUN=5 code=200 ttfb=0.751777 total=0.752153 size=2301
--- hls-warm42 [prod_gzip] https://api.odemusics.com/api/hls/42.m3u8 ---
HTTP/2 200 
cache-control: no-store
etag: W/"8fd-3SnroqiXZZB+enT0lx4Iw5SmyJ0"
cf-cache-status: DYNAMIC
content-encoding: gzip
RUN=1 code=200 ttfb=0.779859 total=0.779989 size=447
HTTP/2 200 
cache-control: no-store
etag: W/"8fd-3SnroqiXZZB+enT0lx4Iw5SmyJ0"
cf-cache-status: DYNAMIC
content-encoding: gzip
RUN=2 code=200 ttfb=0.751047 total=0.751165 size=447
HTTP/2 200 
cache-control: no-store
etag: W/"8fd-3SnroqiXZZB+enT0lx4Iw5SmyJ0"
cf-cache-status: DYNAMIC
content-encoding: gzip
RUN=3 code=200 ttfb=0.743594 total=0.743812 size=447
HTTP/2 200 
cache-control: no-store
etag: W/"8fd-3SnroqiXZZB+enT0lx4Iw5SmyJ0"
cf-cache-status: DYNAMIC
content-encoding: gzip
RUN=4 code=200 ttfb=0.841897 total=0.842011 size=447
HTTP/2 200 
cache-control: no-store
etag: W/"8fd-3SnroqiXZZB+enT0lx4Iw5SmyJ0"
cf-cache-status: DYNAMIC
content-encoding: gzip
RUN=5 code=200 ttfb=0.743338 total=0.743440 size=447
--- stream-range-warm42 [local] http://localhost:3001/api/stream/42 ---
HTTP/1.1 206 Partial Content
content-length: 1024
RUN=1 code=206 ttfb=0.602355 total=0.602429 size=1024
HTTP/1.1 206 Partial Content
content-length: 1024
RUN=2 code=206 ttfb=0.192251 total=0.192325 size=1024
HTTP/1.1 206 Partial Content
content-length: 1024
RUN=3 code=206 ttfb=0.183746 total=0.183811 size=1024
HTTP/1.1 206 Partial Content
content-length: 1024
RUN=4 code=206 ttfb=0.257460 total=0.257531 size=1024
HTTP/1.1 206 Partial Content
content-length: 1024
RUN=5 code=206 ttfb=0.184249 total=0.184326 size=1024
--- stream-range-warm42 [prod] https://api.odemusics.com/api/stream/42 ---
HTTP/2 206 
content-length: 1024
cf-cache-status: DYNAMIC
RUN=1 code=206 ttfb=0.930112 total=0.930211 size=1024
HTTP/2 206 
content-length: 1024
cf-cache-status: DYNAMIC
RUN=2 code=206 ttfb=1.094659 total=1.094772 size=1024
HTTP/2 206 
content-length: 1024
cf-cache-status: DYNAMIC
RUN=3 code=206 ttfb=0.940412 total=0.941483 size=1024
HTTP/2 206 
content-length: 1024
cf-cache-status: DYNAMIC
RUN=4 code=206 ttfb=1.035362 total=1.035483 size=1024
HTTP/2 206 
content-length: 1024
cf-cache-status: DYNAMIC
RUN=5 code=206 ttfb=0.941467 total=0.941574 size=1024
--- stream-range-warm42 [prod_gzip] https://api.odemusics.com/api/stream/42 ---
HTTP/2 206 
content-length: 1024
cf-cache-status: DYNAMIC
RUN=1 code=206 ttfb=0.970085 total=0.970197 size=1024
HTTP/2 206 
content-length: 1024
cf-cache-status: DYNAMIC
RUN=2 code=206 ttfb=0.935402 total=0.935496 size=1024
HTTP/2 206 
content-length: 1024
cf-cache-status: DYNAMIC
RUN=3 code=206 ttfb=0.934494 total=0.934601 size=1024
HTTP/2 206 
content-length: 1024
cf-cache-status: DYNAMIC
RUN=4 code=206 ttfb=0.952269 total=0.952401 size=1024
HTTP/2 206 
content-length: 1024
cf-cache-status: DYNAMIC
RUN=5 code=206 ttfb=0.953447 total=0.953593 size=1024
=== A1 endpoint latency run finished 2026-09-02T07:24:23Z ===
