src/playback-intent.js -> refcount=2
src/perfMarks.js -> refcount=5
src/playLog.js -> refcount=1
src/track-player-service.js -> refcount=1
src/config.js -> refcount=13
src/autoplayPrefs.js -> refcount=1
src/audioPrefetch.js -> refcount=3
src/homePrefs.js -> refcount=2
src/deviceId.js -> refcount=2
src/api.js -> refcount=6
src/storage.js -> refcount=7
src/context/AuthContext.js -> refcount=14
src/context/FavoritesContext.js -> refcount=6
src/context/PlaylistsContext.js -> refcount=6
src/utils/homeChips.js -> refcount=2
src/utils/autoplay.js -> refcount=2
src/utils/dailyShuffle.js -> refcount=2
src/utils/displayTitle.js -> refcount=8
src/screens/AdminAddHymnScreen.js -> refcount=1
src/screens/InviteFriendsSheet.js -> refcount=1
src/screens/FriendSharesSheet.js -> refcount=1
src/screens/MineScreen.js -> refcount=1
src/screens/SharedPlaylistSheet.js -> refcount=2
src/screens/AddFriendSheet.js -> refcount=1
src/screens/PhoneLoginScreen.js -> refcount=1
src/screens/LibraryScreen.js -> refcount=1
src/screens/AuthScreen.js -> refcount=1
src/screens/PlaylistDetailSheet.js -> refcount=1
src/screens/HymnListScreen.js -> refcount=1
src/screens/AccountScreen.js -> refcount=1
src/components/AvatarButton.js -> refcount=3
src/components/AdminEditHymnSheet.js -> refcount=3
src/components/VersionTag.js -> refcount=3
src/components/LogoRing.js -> refcount=3
src/components/AddToPlaylistSheet.js -> refcount=5
src/theme/designSystem.js -> refcount=20
src/hooks/externalStore.js -> refcount=3
src/hooks/useOutboxLength.js -> refcount=1
src/hooks/useCachedHymns.js -> refcount=4
src/hooks/useInsets.js -> refcount=13
src/icons/odeIcons.js -> refcount=1
src/icons/OdeIcon.js -> refcount=17
src/sync/userSync.js -> refcount=6
src/services/homeApi.js -> refcount=0
src/components/home/DailyVerseCard.js -> refcount=1
src/components/home/HomeScreen.js -> refcount=1
