[2026-08-24 11:24:04] DB 索引:7964 個 youtube_id(全表,唔限 curated)
[2026-08-24 11:24:04] discover:讚美之泉 channel=channel/UC00EceQGGCMucNvwOS-jQ7A
[2026-08-24 11:24:06]   103 個 playlist → 器樂訊號 12、Q3 blacklist 2
[2026-08-24 11:24:14]     「讚美之泉【安靜靈修純音樂】」 member=23 已喺庫=1 新=22 過閘2=3
[2026-08-24 11:24:19]     「第一屆讚美之泉台北青少年弦樂團」 member=5 已喺庫=5 新=0 過閘2=0
[2026-08-24 11:24:23]     「SOAKING LOUNGE 舒壓純音樂 | 讚美之泉 Stream of Praise Music」 member=3 已喺庫=0 新=3 過閘2=0
[2026-08-24 11:24:30]     「讚美之泉安靜系列 (4) Instrumental - 每一天我需要祢」 member=1 已喺庫=0 新=1 過閘2=0
[2026-08-24 11:24:35]     「讚美之泉安靜系列 (3) Instrumental - 住在祢裡面」 member=1 已喺庫=0 新=1 過閘2=0
[2026-08-24 11:24:41]     「讚美之泉音樂演奏系列  Instrumental Album (全專輯連續播放)」 member=2 已喺庫=0 新=2 過閘2=0
[2026-08-24 11:24:46]     「讚美之泉鋼琴演奏系列 Piano Album (3) 能不能 Let Me Stay」 member=9 已喺庫=6 新=3 過閘2=0
[2026-08-24 11:24:51]     「讚美之泉鋼琴演奏系列 Piano Album (2) 一生愛祢 With All My Love」 member=12 已喺庫=11 新=1 過閘2=0
[2026-08-24 11:24:57]     「讚美之泉安靜系列專輯 (2) Instrumental - 找一個地方 I Want to Go to a Place」 member=10 已喺庫=9 新=1 過閘2=0
[2026-08-24 11:25:02]     「讚美之泉音樂演奏系列 Instrumental String Quartet 弦樂四重奏專輯 (1) 恩典之路 The Path of Grace」 member=13 已喺庫=12 新=1 過閘2=0
[2026-08-24 11:25:08]     「讚美之泉鋼琴演奏系列 Piano Album (1) 單單愛慕你 Simply Loving You」 member=13 已喺庫=0 新=13 過閘2=12
[2026-08-24 11:25:10]     「讚美之泉安靜系列專輯 Instrumental (1) Come Away With Me」 member=11 已喺庫=10 新=1 過閘2=0
[2026-08-24 11:25:15] discover:約書亞樂團 channel=channel/UC93m2yLo9G4-ZdFMgrdS2LA
[2026-08-24 11:25:18]   133 個 playlist → 器樂訊號 0、Q3 blacklist 0
[2026-08-24 11:25:24] discover:新心音樂事工 channel=user/NewHeartMusic
[2026-08-24 11:25:26]   79 個 playlist → 器樂訊號 1、Q3 blacklist 0
[2026-08-24 11:25:28]     「器樂演奏」 member=4 已喺庫=4 新=0 過閘2=0
[2026-08-24 11:25:31] discover:小羊詩歌 channel=channel/UCdbFFcLrcDtwHf0TumhFXnQ
[2026-08-24 11:25:34]   57 個 playlist → 器樂訊號 0、Q3 blacklist 11
[2026-08-24 11:25:38] discover:天韻合唱團 channel=channel/UC5oWNfAdzFLG0jZ5fqEFJfQ
[2026-08-24 11:25:41]   90 個 playlist → 器樂訊號 2、Q3 blacklist 0
[2026-08-24 11:25:48]     「天韻【QT音樂】詩歌演奏」 member=4 已喺庫=3 新=1 過閘2=0
[2026-08-24 11:25:50]     「天韻演奏」 member=5 已喺庫=4 新=1 過閘2=0
[2026-08-24 11:25:53] discover:基恩敬拜 channel=channel/UCGpiURDJzGW0KLobc_pQLpw
[2026-08-24 11:25:54]   23 個 playlist → 器樂訊號 1、Q3 blacklist 1
[2026-08-24 11:25:56]     「靈修音樂系列」 member=11 已喺庫=5 新=6 過閘2=0
[2026-08-24 11:25:56] report:/Users/macbookpro/.openclaw/workspace/hymn-app/backend/data/instrumental/inventory-20260824.md
[2026-08-24 11:25:56] 盤點:member 127 / 已喺庫 70 / 新片 57 / 過閘2 15
