=== S1 run 1 (positive control) ===
host_launch_ts=1788627655.163235000
com.hymnapp.praise: 26275
pid=26275
frame0 ts=1788627655.426255000
frame1 ts=1788627655.665218000
frame2 ts=1788627655.824658000
frame3 ts=1788627655.965859000
frame4 ts=1788627656.107201000
frame5 ts=1788627656.248607000
frame6 ts=1788627656.398088000
frame7 ts=1788627656.539166000
frame8 ts=1788627656.676749000
rss_launch+3s=488592
rss_launch+20s=535968
rss_launch+30s=542064
--- client-log tail ---
{"ts":"2026-09-05T16:33:33.767Z","event":"perfHome","clientTs":"1788626013570","appState":"","hymnId":null,"position":null,"duration":null,"trackState":"","repeatMode":null,"errorSkipCount":null,"detail":"chips=2.28583300113678 pages=3.41508399695158 today=16.590165995061398 recent=5.6997499987483025 lib=201.27829100191593 lib0=0.025416001677513123 libIdle=822 mine=0.0229170024394989","platform":"ios","deviceId":"f39fba943d527e400e4a98927cde5cd5"}
{"ts":"2026-09-05T16:33:38.403Z","event":"perfNav","clientTs":"1788626018203","appState":"","hymnId":null,"position":null,"duration":null,"trackState":"","repeatMode":null,"errorSkipCount":null,"detail":"tab=Mine tapToMount=34ms tapToPaint=62ms","platform":"ios","deviceId":"f39fba943d527e400e4a98927cde5cd5"}
{"ts":"2026-09-05T16:33:43.765Z","event":"perfRenders","clientTs":"1788626023570","appState":"","hymnId":null,"position":null,"duration":null,"trackState":"","repeatMode":null,"errorSkipCount":null,"detail":"t=15 Home=10 Library=8 Mine=10 Mini=10 TabBar=10 FullPlayer=0 AppContent=10 PlayerProvider=5","platform":"ios","deviceId":"f39fba943d527e400e4a98927cde5cd5"}
{"ts":"2026-09-05T16:33:53.767Z","event":"perfMarks","clientTs":"1788626033570","appState":"","hymnId":null,"position":null,"duration":null,"trackState":"","repeatMode":null,"errorSkipCount":null,"detail":"b0=0 app=213 cont=288 mmkvRead=0 parse=- n=6531 cacheReady=- home=355 verMs=1134 verSkip=0 hymnsMs=1319 att=1 ok1=1 a1t=533 a1b=773 a1p=13 a2t=- a2b=- a2p=- byt=2371796 lyrMs=2689 lyrBytes=1330549 merged=1 fetch=15(api/version:1,api/health:1,api/presence:1,api/app-version:1,api/hymns:2,api/stream:4,api/home:1,api/client-log:3,api/auth:1)","platform":"ios","deviceId":"f39fba943d527e400e4a98927cde5cd5"}
{"ts":"2026-09-05T16:34:28.752Z","event":"perfRenders","clientTs":"1788626068557","appState":"","hymnId":null,"position":null,"duration":null,"trackState":"","repeatMode":null,"errorSkipCount":null,"detail":"t=60 Home=10 Library=8 Mine=10 Mini=10 TabBar=10 FullPlayer=0 AppContent=10 PlayerProvider=5","platform":"ios","deviceId":"f39fba943d527e400e4a98927cde5cd5"}
{"ts":"2026-09-05T16:35:05.828Z","event":"perfHome","clientTs":"1788626105613","appState":"","hymnId":null,"position":null,"duration":null,"trackState":"","repeatMode":null,"errorSkipCount":null,"detail":"chips=2.913291998207569 pages=3.177625000476837 today=16.43495800346136 recent=5.58712500333786 lib=204.5447499975562 lib0=- libIdle=942 mine=0.01874999701976776","platform":"ios","deviceId":"f39fba943d527e400e4a98927cde5cd5"}
{"ts":"2026-09-05T16:35:10.853Z","event":"perfNav","clientTs":"1788626110663","appState":"","hymnId":null,"position":null,"duration":null,"trackState":"","repeatMode":null,"errorSkipCount":null,"detail":"tab=Mine tapToMount=30ms tapToPaint=46ms","platform":"ios","deviceId":"f39fba943d527e400e4a98927cde5cd5"}
{"ts":"2026-09-05T16:35:15.808Z","event":"perfRenders","clientTs":"1788626115613","appState":"","hymnId":null,"position":null,"duration":null,"trackState":"","repeatMode":null,"errorSkipCount":null,"detail":"t=15 Home=7 Library=4 Mine=7 Mini=7 TabBar=7 FullPlayer=0 AppContent=7 PlayerProvider=4","platform":"ios","deviceId":"f39fba943d527e400e4a98927cde5cd5"}
{"ts":"2026-09-05T16:35:25.812Z","event":"perfMarks","clientTs":"1788626125613","appState":"","hymnId":null,"position":null,"duration":null,"trackState":"","repeatMode":null,"errorSkipCount":null,"detail":"b0=0 app=144 cont=240 mmkvRead=19 parse=19 n=6531 cacheReady=234 home=475 verMs=1245 verSkip=1 hymnsMs=- att=- ok1=- a1t=- a1b=- a1p=- a2t=- a2b=- a2p=- byt=- lyrMs=- lyrBytes=- merged=- fetch=10(api/version:1,api/health:1,api/stream:1,api/home:1,api/presence:1,api/app-version:1,api/client-log:3,api/auth:1)","platform":"ios","deviceId":"f39fba943d527e400e4a98927cde5cd5"}
{"ts":"2026-09-05T16:36:00.807Z","event":"perfRenders","clientTs":"1788626160597","appState":"","hymnId":null,"position":null,"duration":null,"trackState":"","repeatMode":null,"errorSkipCount":null,"detail":"t=60 Home=7 Library=4 Mine=7 Mini=7 TabBar=7 FullPlayer=0 AppContent=7 PlayerProvider=4","platform":"ios","deviceId":"f39fba943d527e400e4a98927cde5cd5"}
{"ts":"2026-09-05T16:36:32.699Z","event":"perfNav","clientTs":"1788626192480","appState":"","hymnId":null,"position":null,"duration":null,"trackState":"","repeatMode":null,"errorSkipCount":null,"detail":"tab=Mine tapToMount=30ms tapToPaint=45ms","platform":"ios","deviceId":"f39fba943d527e400e4a98927cde5cd5"}
{"ts":"2026-09-05T16:36:35.489Z","event":"perfHome","clientTs":"1788626195297","appState":"","hymnId":null,"position":null,"duration":null,"trackState":"","repeatMode":null,"errorSkipCount":null,"detail":"chips=2.9277909994125366 pages=3.160500004887581 today=16.197209000587463 recent=5.595041997730732 lib=206.97204199433327 lib0=- libIdle=931 mine=0.019749999046325684","platform":"ios","deviceId":"f39fba943d527e400e4a98927cde5cd5"}
{"ts":"2026-09-05T16:36:45.491Z","event":"perfRenders","clientTs":"1788626205297","appState":"","hymnId":null,"position":null,"duration":null,"trackState":"","repeatMode":null,"errorSkipCount":null,"detail":"t=15 Home=7 Library=4 Mine=7 Mini=7 TabBar=7 FullPlayer=0 AppContent=7 PlayerProvider=4","platform":"ios","deviceId":"f39fba943d527e400e4a98927cde5cd5"}
{"ts":"2026-09-05T16:36:55.495Z","event":"perfMarks","clientTs":"1788626215297","appState":"","hymnId":null,"position":null,"duration":null,"trackState":"","repeatMode":null,"errorSkipCount":null,"detail":"b0=0 app=136 cont=240 mmkvRead=18 parse=20 n=6531 cacheReady=233 home=482 verMs=942 verSkip=1 hymnsMs=- att=- ok1=- a1t=- a1b=- a1p=- a2t=- a2b=- a2p=- byt=- lyrMs=- lyrBytes=- merged=- fetch=10(api/version:1,api/health:1,api/stream:1,api/home:1,api/presence:1,api/app-version:1,api/client-log:3,api/auth:1)","platform":"ios","deviceId":"f39fba943d527e400e4a98927cde5cd5"}
{"ts":"2026-09-05T16:37:10.823Z","event":"perfHome","clientTs":"1788626230630","appState":"","hymnId":null,"position":null,"duration":null,"trackState":"","repeatMode":null,"errorSkipCount":null,"detail":"chips=2.9293330013751984 pages=3.1586659997701645 today=16.459374994039536 recent=5.456915996968746 lib=204.1600000038743 lib0=- libIdle=920 mine=0.022875003516674042","platform":"ios","deviceId":"f39fba943d527e400e4a98927cde5cd5"}
{"ts":"2026-09-05T16:37:20.824Z","event":"perfRenders","clientTs":"1788626240630","appState":"","hymnId":null,"position":null,"duration":null,"trackState":"","repeatMode":null,"errorSkipCount":null,"detail":"t=15 Home=5 Library=2 Mine=5 Mini=5 TabBar=5 FullPlayer=0 AppContent=5 PlayerProvider=4","platform":"ios","deviceId":"f39fba943d527e400e4a98927cde5cd5"}
{"ts":"2026-09-05T16:37:30.823Z","event":"perfMarks","clientTs":"1788626250630","appState":"","hymnId":null,"position":null,"duration":null,"trackState":"","repeatMode":null,"errorSkipCount":null,"detail":"b0=0 app=133 cont=231 mmkvRead=17 parse=19 n=6531 cacheReady=226 home=470 verMs=942 verSkip=1 hymnsMs=- att=- ok1=- a1t=- a1b=- a1p=- a2t=- a2b=- a2p=- byt=- lyrMs=- lyrBytes=- merged=- fetch=8(api/version:1,api/health:1,api/stream:1,api/home:1,api/presence:1,api/app-version:1,api/client-log:2)","platform":"ios","deviceId":"f39fba943d527e400e4a98927cde5cd5"}
{"ts":"2026-09-05T17:01:01.705Z","event":"perfHome","clientTs":"1788627661507","appState":"","hymnId":null,"position":null,"duration":null,"trackState":"","repeatMode":null,"errorSkipCount":null,"detail":"chips=2.8055410012602806 pages=4.062958002090454 today=19.09195800125599 recent=6.012458004057407 lib=186.134916998446 lib0=1.0753750056028366 libIdle=752 mine=0.01795800030231476","platform":"ios","deviceId":"dc33113365eb5ef0f67dcb69b3b7b3c4"}
{"ts":"2026-09-05T17:01:11.708Z","event":"perfRenders","clientTs":"1788627671509","appState":"","hymnId":null,"position":null,"duration":null,"trackState":"","repeatMode":null,"errorSkipCount":null,"detail":"t=15 Home=8 Library=6 Mine=8 Mini=8 TabBar=8 FullPlayer=0 AppContent=8 PlayerProvider=5","platform":"ios","deviceId":"dc33113365eb5ef0f67dcb69b3b7b3c4"}
{"ts":"2026-09-05T17:01:21.703Z","event":"perfMarks","clientTs":"1788627681509","appState":"","hymnId":null,"position":null,"duration":null,"trackState":"","repeatMode":null,"errorSkipCount":null,"detail":"b0=0 app=163 cont=232 mmkvRead=0 parse=- n=6543 cacheReady=- home=286 verMs=907 verSkip=0 hymnsMs=1359 att=1 ok1=1 a1t=549 a1b=790 a1p=20 a2t=- a2b=- a2p=- byt=2376336 lyrMs=2537 lyrBytes=1330550 merged=1 fetch=14(api/version:1,api/health:1,api/presence:1,api/app-version:1,api/hymns:2,api/stream:5,api/home:1,api/client-log:2)","platform":"ios","deviceId":"dc33113365eb5ef0f67dcb69b3b7b3c4"}
