=== S1 run 4 ===
Success
host_launch_ts=1788630042.664972000
Starting: Intent { cmp=com.hymnapp.praise/.MainActivity }
Status: ok
LaunchState: COLD
Activity: com.hymnapp.praise/.MainActivity
TotalTime: 469
WaitTime: 470
Complete
--- meminfo +3s ---
Applications Memory Usage (in Kilobytes):
Uptime: 1131476 Realtime: 1131476

** MEMINFO in pid 7572 [com.hymnapp.praise] **
                   Pss  Private  Private  SwapPss      Rss     Heap     Heap     Heap
                 Total    Dirty    Clean    Dirty    Total     Size    Alloc     Free
                ------   ------   ------   ------   ------   ------   ------   ------
  Native Heap   185329   185280        8       48   186500   192908   135667    51102
  Dalvik Heap    19962    19836       76      202    20760    23653    11827    11826
 Dalvik Other     5833     5548        0        9     6356                           
        Stack     2332     2332        0        0     2340                           
       Ashmem       19        0        0        0      576                           
    Other dev       21        0       16        0      280                           
     .so mmap     4947      276     1216       19    38868                           
    .jar mmap     3207        0      764        0    33492                           
    .apk mmap    25279     1008    17628        0    37624                           
    .ttf mmap      570        0      284        0     1148                           
    .dex mmap      179        4      128        0      928                           
    .oat mmap      644        0        0        0    13212                           
    .art mmap     1687      688      244      233    19100                           
   Other mmap     8035       48     6836        0    10500                           
      Unknown    53484    53068      408        0    53848                           
        TOTAL   312039   268088    27608      511   425532   216561   147494    62928
 
 App Summary
                       Pss(KB)                        Rss(KB)
                        ------                         ------
           Java Heap:    20768                          39860
         Native Heap:   185280                         186500
                Code:    21316                         125856
               Stack:     2332                           2340
            Graphics:        0                              0
       Private Other:    66000
              System:    16343
             Unknown:                                   70976
 
           TOTAL PSS:   312039            TOTAL RSS:   425532       TOTAL SWAP PSS:      511
 
 Objects
               Views:      758         ViewRootImpl:        1
         AppContexts:        6           Activities:        1
              Assets:       21        AssetManagers:        0
       Local Binders:       27        Proxy Binders:       60
       Parcel memory:       13         Parcel count:       52
    Death Recipients:        2             WebViews:        0
 
 SQL
         MEMORY_USED:      459
  PAGECACHE_OVERFLOW:      214          MALLOC_SIZE:       46
 
 DATABASES
      pgsz     dbsz   Lookaside(b) cache hits cache misses cache size  Dbname
PER CONNECTION STATS
         4       32             69    11    47     8  /data/user/0/com.hymnapp.praise/databases/exoplayer_internal.db
         4       72             18    43   193     1  /data/user/0/com.hymnapp.praise/databases/updates.db
         4        8                    0     0     0    (attached) temp
         4       72             26    39    32     1  /data/user/0/com.hymnapp.praise/databases/updates.db (3)
         4       20             41     4    34     5  /data/user/0/com.hymnapp.praise/databases/RKStorage
POOL STATS
     cache hits  cache misses    cache size  Dbname
             11            48            59  /data/user/0/com.hymnapp.praise/databases/exoplayer_internal.db
             84           258           342  /data/user/0/com.hymnapp.praise/databases/updates.db
              4            35            39  /data/user/0/com.hymnapp.praise/databases/RKStorage
 
 Asset Allocations
    : 3618K
--- meminfo +20s ---
Applications Memory Usage (in Kilobytes):
Uptime: 1148547 Realtime: 1148547

** MEMINFO in pid 7572 [com.hymnapp.praise] **
                   Pss  Private  Private  SwapPss      Rss     Heap     Heap     Heap
                 Total    Dirty    Clean    Dirty    Total     Size    Alloc     Free
                ------   ------   ------   ------   ------   ------   ------   ------
  Native Heap   196729   196680        8       48   197900   205948   143541    55735
  Dalvik Heap    29053    24076     4884       57    29900    43129    21565    21564
 Dalvik Other     7520     7048       40        8     8192                           
        Stack     2880     2880        0        0     2888                           
       Ashmem       19        0        0        0      576                           
    Other dev       21        0       16        0      280                           
     .so mmap     5118      280     1216       19    39356                           
    .jar mmap     3214        0      764        0    33620                           
    .apk mmap    25399     1036    17720        0    37744                           
    .ttf mmap      570        0      284        0     1148                           
    .dex mmap      179        4      128        0      928                           
    .oat mmap      662        0        0        0    13276                           
    .art mmap     3518      712     1900      172    21156                           
   Other mmap    13643     5596     6896        0    16108                           
      Unknown    60394    59916      472        0    60756                           
        TOTAL   349223   298228    34328      304   463828   249077   165106    77299
 
 App Summary
                       Pss(KB)                        Rss(KB)
                        ------                         ------
           Java Heap:    26688                          51056
         Native Heap:   196680                         197900
                Code:    21432                         126936
               Stack:     2880                           2888
            Graphics:        0                              0
       Private Other:    84876
              System:    16667
             Unknown:                                   85048
 
           TOTAL PSS:   349223            TOTAL RSS:   463828       TOTAL SWAP PSS:      304
 
 Objects
               Views:      763         ViewRootImpl:        1
         AppContexts:        6           Activities:        1
              Assets:       21        AssetManagers:        0
       Local Binders:       27        Proxy Binders:       60
       Parcel memory:       13         Parcel count:       52
    Death Recipients:        2             WebViews:        0
 
 SQL
         MEMORY_USED:      425
  PAGECACHE_OVERFLOW:      180          MALLOC_SIZE:       46
 
 DATABASES
      pgsz     dbsz   Lookaside(b) cache hits cache misses cache size  Dbname
PER CONNECTION STATS
         4       32             69    11    50     8  /data/user/0/com.hymnapp.praise/databases/exoplayer_internal.db
         4       72             18    43   198     1  /data/user/0/com.hymnapp.praise/databases/updates.db
         4        8                    0     0     0    (attached) temp
         4       72             26    39    35     1  /data/user/0/com.hymnapp.praise/databases/updates.db (3)
         4       20             41     4    37     5  /data/user/0/com.hymnapp.praise/databases/RKStorage
POOL STATS
     cache hits  cache misses    cache size  Dbname
             11            51            62  /data/user/0/com.hymnapp.praise/databases/exoplayer_internal.db
             84           266           350  /data/user/0/com.hymnapp.praise/databases/updates.db
              4            38            42  /data/user/0/com.hymnapp.praise/databases/RKStorage
 
 Asset Allocations
    : 3618K
--- meminfo +30s ---
Applications Memory Usage (in Kilobytes):
Uptime: 1158614 Realtime: 1158614

** MEMINFO in pid 7572 [com.hymnapp.praise] **
                   Pss  Private  Private  SwapPss      Rss     Heap     Heap     Heap
                 Total    Dirty    Clean    Dirty    Total     Size    Alloc     Free
                ------   ------   ------   ------   ------   ------   ------   ------
  Native Heap   195669   195620        8       48   196840   205948   143542    55734
  Dalvik Heap    25045    20068     4884       57    25892    43137    21569    21568
 Dalvik Other     7392     6912       40        8     8072                           
        Stack     2884     2884        0        0     2892                           
       Ashmem       19        0        0        0      576                           
    Other dev       21        0       16        0      280                           
     .so mmap     5118      280     1216       19    39356                           
    .jar mmap     3214        0      764        0    33620                           
    .apk mmap    25399     1036    17720        0    37744                           
    .ttf mmap      570        0      284        0     1148                           
    .dex mmap      179        4      128        0      928                           
    .oat mmap      662        0        0        0    13276                           
    .art mmap     3517      712     1900      172    21156                           
   Other mmap    13643     5596     6896        0    16108                           
      Unknown    60550    60072      472        0    60912                           
        TOTAL   344186   293184    34328      304   458800   249085   165111    77302
 
 App Summary
                       Pss(KB)                        Rss(KB)
                        ------                         ------
           Java Heap:    22680                          47048
         Native Heap:   195620                         196840
                Code:    21432                         126952
               Stack:     2884                           2892
            Graphics:        0                              0
       Private Other:    84896
              System:    16674
             Unknown:                                   85068
 
           TOTAL PSS:   344186            TOTAL RSS:   458800       TOTAL SWAP PSS:      304
 
 Objects
               Views:      763         ViewRootImpl:        1
         AppContexts:        6           Activities:        1
              Assets:       21        AssetManagers:        0
       Local Binders:       27        Proxy Binders:       60
       Parcel memory:       13         Parcel count:       52
    Death Recipients:        2             WebViews:        0
 
 SQL
         MEMORY_USED:      425
  PAGECACHE_OVERFLOW:      180          MALLOC_SIZE:       46
 
 DATABASES
      pgsz     dbsz   Lookaside(b) cache hits cache misses cache size  Dbname
PER CONNECTION STATS
         4       32             69    11    53     8  /data/user/0/com.hymnapp.praise/databases/exoplayer_internal.db
         4       72             18    43   203     1  /data/user/0/com.hymnapp.praise/databases/updates.db
         4        8                    0     0     0    (attached) temp
         4       72             26    39    38     1  /data/user/0/com.hymnapp.praise/databases/updates.db (3)
         4       20             41     4    40     5  /data/user/0/com.hymnapp.praise/databases/RKStorage
POOL STATS
     cache hits  cache misses    cache size  Dbname
             11            54            65  /data/user/0/com.hymnapp.praise/databases/exoplayer_internal.db
             84           274           358  /data/user/0/com.hymnapp.praise/databases/updates.db
              4            41            45  /data/user/0/com.hymnapp.praise/databases/RKStorage
 
 Asset Allocations
    : 3618K
