[2026-08-04 05:12:08] apply:org=讚美之泉,approved 55/57 個候選
[2026-08-04 05:12:08]   [1/55] 攞 member:PLEY_M7xVVeAv62MPsfWSS_Lje7wxSWUoh 「讚美之泉敬拜讚美專輯 (31) 這是我們的敬拜 This is Our Worship」→ 這是我們的敬拜
[2026-08-04 05:12:15]   [2/55] 攞 member:PLEY_M7xVVeAvB9a4N9HLQweIQdfsIMDvg 「讚美之泉敬拜讚美專輯 (30) 深愛耶穌 Loving Jesus」→ 深愛耶穌
[2026-08-04 05:12:22]   [3/55] 攞 member:PLEY_M7xVVeAtB_X7p-xZCq26reDKeRBuM 「讚美之泉敬拜讚美專輯 (29) 我能給你什麼？What Could I Bring to You?」→ 我能給你什麼？
[2026-08-04 05:12:28]   [4/55] 攞 member:PLEY_M7xVVeAtMLkDe-umwBXJp6ld3NGh0 「讚美之泉敬拜讚美專輯 (28) 恢復敬拜 Revive Our Worship」→ 恢復敬拜
[2026-08-04 05:12:36]   [5/55] 攞 member:PLEY_M7xVVeAu5ESBu2apwgrDE7w6tu6rB 「讚美之泉敬拜讚美專輯 (27) 讚美中信心不斷升起 Let Faith Arise」→ 讚美中信心不斷升起
[2026-08-04 05:12:41]   [6/55] 攞 member:PLEY_M7xVVeAusg0v07fDa7_O3kb7-8AKZ 「盡情地微笑 Smile｜讚美之泉兒童敬拜讚美專輯 (12)」→ 盡情地微笑
[2026-08-04 05:12:48]   [7/55] 攞 member:PLEY_M7xVVeAuXBF-lNuDB9dYHiwROJbkH 「讚美之泉敬拜讚美專輯 (26) 聽見這世代的呼喚 Hear Our Cry」→ 聽見這世代的呼喚
[2026-08-04 05:12:56]   [8/55] 攞 member:PLEY_M7xVVeAsbxhUDNFVzDfBrXqdSCv9s 「讚美之泉G.L.O.W 系列 (1) 差遣我 Send Me Lord」→ 差遣我
[2026-08-04 05:13:01]   [9/55] 攞 member:PLEY_M7xVVeAsESGDb-8TZSfgFpdUFs_H2 「讚美之泉敬拜影音系列(1) 只願見祢 I Long To See You」→ 只願見祢
[2026-08-04 05:13:07]   [10/55] 攞 member:PLEY_M7xVVeAtGS4WCX085iaLeNxxmVjon 「讚美之泉台語敬拜讚美專輯(1) 祢是信實的上帝 You Are A Faithful God」→ 祢是信實的上帝
[2026-08-04 05:13:14]   [11/55] 攞 member:PLEY_M7xVVeAvWn0yh4VS4n_N3kDNpsXSw 「讚美之泉敬拜讚美專輯 (1) 讓讚美飛揚 Let Praise Arise」→ 讓讚美飛揚
[2026-08-04 05:13:21]   [12/55] 攞 member:PLEY_M7xVVeAvinbG8yb-z8VoEFKZPtN-s 「讚美之泉敬拜讚美專輯 (2) 耶和華祝福滿滿 Jehovah's Blessings Abound」→ 耶和華祝福滿滿
[2026-08-04 05:13:29]   [13/55] 攞 member:PLEY_M7xVVeAvlDk4z5hf-jsTW77ufLnDt 「讚美之泉敬拜讚美專輯 (3) 甦醒 Awakening」→ 甦醒
[2026-08-04 05:13:36]   [14/55] 攞 member:PLEY_M7xVVeAvl_eVApGNgYCIa8lbo3y8F 「讚美之泉敬拜讚美專輯 (25) 我在這裡 Here I Am」→ 我在這裡
[2026-08-04 05:13:41]   [15/55] 攞 member:PLEY_M7xVVeAvVa27BxSiZYqN_m9aumCCP 「讚美之泉敬拜讚美專輯 (4) 彩虹下的約定 The Covenant Under the Rainbow」→ 彩虹下的約定
[2026-08-04 05:13:47]   [16/55] 攞 member:PLEY_M7xVVeAvXbZsvIzqjpirGNP6YNsY4 「讚美之泉敬拜讚美專輯 (5) 全新的你 A New You」→ 全新的你
[2026-08-04 05:13:53]   [17/55] 攞 member:PLEY_M7xVVeAvKcP9VY8_FesWm119u03T_ 「讚美之泉敬拜讚美專輯 (6) 全能的創造主 Wonderful Creator」→ 全能的創造主
[2026-08-04 05:14:01]   [18/55] 攞 member:PLEY_M7xVVeAtR2hhPWy-UJfMOKuHSwGeM 「讚美之泉兒童敬拜讚美專輯 (11) 放晴了 After the Rain」→ 放晴了
[2026-08-04 05:14:09]   [19/55] 攞 member:PLEY_M7xVVeAvmxbyj1YdFWCVziAlTD6XW 「讚美之泉敬拜讚美專輯 (7) 展開清晨的翅膀 Wings of the Dawn」→ 展開清晨的翅膀
[2026-08-04 05:14:13]   [20/55] 攞 member:PLEY_M7xVVeAumxBIqXI2ti91p4MytM1F1 「讚美之泉敬拜讚美專輯 (8) 讓愛走動 Love Overflows」→ 讓愛走動
[2026-08-04 05:14:19]   [21/55] 攞 member:PLEY_M7xVVeAvM4XHN4NZd0k74QvQ3MCqY 「讚美之泉敬拜讚美專輯 (9) 深觸我心 How Precious You are to Me」→ 深觸我心
[2026-08-04 05:14:26]   [22/55] 攞 member:PLEY_M7xVVeAvqi7oxtdIZ81Sel-jAeL1G 「讚美之泉敬拜讚美專輯 (10) 單單只為祢 For You Alone」→ 單單只為祢
[2026-08-04 05:14:32]   [23/55] 攞 member:PLEY_M7xVVeAtgt4DJ9Zi1o2ICHBewIkh0 「讚美之泉敬拜讚美專輯 (11J) 似乎在天堂 Just Like Heaven」→ 似乎在天堂
[2026-08-04 05:14:38]   [24/55] 攞 member:PLEY_M7xVVeAt73fk39BfH0oqBFKw71KN8 「讚美の泉日語專輯 プレイズワーシップ (01) - 天が開き (將天敞開)  讚美之泉日語敬拜讚美專輯(01) - 將天敞開 （日文）」→ 將天敞開（日文）
[2026-08-04 05:14:45]   [25/55] 攞 member:PLEY_M7xVVeAtPSvYnWterPrO0L64Nz-Ey 「讚美之泉敬拜讚美專輯 (24) I Believe [我相信]」→ 我相信
[2026-08-04 05:14:53]   [26/55] 攞 member:PLEY_M7xVVeAvngWwkffTFH9CGioEiaSrX 「讚美之泉敬拜讚美專輯 (23) 平安 Peace」→ 平安
[2026-08-04 05:15:00]   [27/55] 攞 member:PLEY_M7xVVeAuscbqFZai1JIo4v_nCMReS 「讚美之泉安靜系列專輯 (2) Instrumental - 找一個地方 I Want to Go to a Place」→ 找一個地方
[2026-08-04 05:15:08]   [28/55] 攞 member:PLEY_M7xVVeAu8VPiVOtCVjrAcoB4Ui8SE 「讚美之泉兒童敬拜讚美專輯 (10) - 無止境 No Bounds」→ 無止境
[2026-08-04 05:15:15]   [29/55] 攞 member:PLEY_M7xVVeAvEjrlSRCUeL4Zt1PDt7ZqQ 「讚美之泉敬拜讚美專輯 (12P) 最珍貴的角落 Precious Corner」→ 最珍貴的角落
[2026-08-04 05:15:22]   [30/55] 攞 member:PLEY_M7xVVeAsG3Ee9-HPCVfG6aWpa3Hcf 「讚美之泉兒童敬拜讚美專輯 (9) High to the Sky」→ High to the Sky
[2026-08-04 05:15:28]   [31/55] 攞 member:PLEY_M7xVVeAsp4PSfZskBVaJmRFZeVrP9 「讚美之泉敬拜讚美專輯 (11P) 寶貴十架 Precious Cross」→ 寶貴十架
[2026-08-04 05:15:35]   [32/55] 攞 member:PLEY_M7xVVeAtdvoOdMkfU12hlC6mETtcT 「讚美之泉敬拜讚美專輯 (12A) 永遠尊貴 All Honor To You」→ 永遠尊貴
[2026-08-04 05:15:41]   [33/55] 攞 member:PLEY_M7xVVeAtrN_t0NxTmc2nFZP_7MuXQ 「讚美之泉音樂演奏系列 Instrumental String Quartet 弦樂四重奏專輯 (1) 恩典之路 The Path of Grace」→ 恩典之路
[2026-08-04 05:15:48]   [34/55] 攞 member:PLEY_M7xVVeAuTp_mKv2fnb84uHpvhjJOQ 「讚美之泉安靜系列專輯 Instrumental (1) Come Away With Me」→ Come Away With Me
[2026-08-04 05:15:53]   [35/55] 攞 member:PLEY_M7xVVeAtMECVKEdM9lrpr-PPlghcl 「讚美之泉敬拜讚美專輯 (22) 從早晨到夜晚 Morning to Night」→ 從早晨到夜晚
[2026-08-04 05:15:59]   [36/55] 攞 member:PLEY_M7xVVeAuQbg2gaB0exRK6KYw1OUtr 「讚美之泉兒童敬拜讚美專輯 (8) 一閃一閃亮晶晶 Twinkle, Twinkle」→ 一閃一閃亮晶晶
[2026-08-04 05:16:06]   [37/55] 攞 member:PLEY_M7xVVeAuJ4-BQQ8XCEWpaD8HoZ9JF 「讚美之泉敬拜讚美專輯 (16) 相信有愛就有奇蹟」→ 相信有愛就有奇蹟
[2026-08-04 05:16:12]   [38/55] 攞 member:PLEY_M7xVVeAtnKreUQABNaWKHt7tP6r3T 「讚美之泉敬拜讚美專輯 (15) 愛可以再更多一點點 More Love」→ 愛可以再更多一點點
[2026-08-04 05:16:17]   [39/55] 攞 member:PLEY_M7xVVeAs7VPaVnqGN_VTGYf11ZTDk 「讚美之泉敬拜讚美專輯 (14) 不要放棄．滿有能力 Do Not Give Up, I Am Strengthened in Him」→ 不要放棄．滿有能力
[2026-08-04 05:16:23]   [40/55] 攞 member:PLEY_M7xVVeAsLAHEGAZ-KDTW9zK9ddJID 「【さんびの泉・SOPキッズワーシップ 2 陽はてるよ雲の上】讚美之泉日文兒童敬拜專輯 (2) 雲上太陽」→ 雲上太陽（日文）
[2026-08-04 05:16:30]   [41/55] 攞 member:PLEY_M7xVVeAsV_8tBC3s7lNF3ku-33WFW 「讚美之泉敬拜讚美專輯 (13) 沙漠中的讚美 Praise in the Desert」→ 沙漠中的讚美
[2026-08-04 05:16:35]   [42/55] 攞 member:PLEY_M7xVVeAtdcO_b7YlKp5-6XwZY_WEQ 「讚美之泉兒童敬拜讚美專輯 (7) 彩虹 Rainbow」→ 彩虹
[2026-08-04 05:16:43]   [43/55] 攞 member:PLEY_M7xVVeAuABi1hSSalRMJ1UNzGBIBE 「讚美之泉敬拜讚美專輯 (21) 我要看見 I Want to See」→ 我要看見
[2026-08-04 05:16:48]   [44/55] 攞 member:PLEY_M7xVVeAv_mfMLcQGtUsz1vnPXJ20O 「讚美之泉兒童敬拜讚美專輯 (6) 讚美的孩子最喜樂 When I Praise You, I'm Filled With Joy」→ 讚美的孩子最喜樂
[2026-08-04 05:16:55]   [45/55] 攞 member:PLEY_M7xVVeAsOVtuRmG3wKcdarXTkqm42 「讚美之泉敬拜讚美專輯 (20) 新的事將要成就 Made New」→ 新的事將要成就
[2026-08-04 05:17:02]   [46/55] 攞 member:PLEY_M7xVVeAuPWas-SROSisCncEjlLDOm 「讚美之泉敬拜讚美專輯 (17) 將天敞開 Open Heaven」→ 將天敞開
[2026-08-04 05:17:07]   [47/55] 攞 member:PLEY_M7xVVeAuwG-p87wvUVznWyAVFHcuS 「讚美之泉兒童敬拜讚美專輯 (3) 有一位神 There Is A God」→ 有一位神
[2026-08-04 05:17:13]   [48/55] 攞 member:PLEY_M7xVVeAtlOPTXOfXvV66uC2jSwfTO 「讚美之泉兒童敬拜讚美專輯 (2) 認識祢真好 It's Good To Know You」→ 認識祢真好
[2026-08-04 05:17:20]   [49/55] 攞 member:PLEY_M7xVVeAvuApsLoYYw843NRM8XdfIn 「讚美之泉兒童敬拜讚美專輯 (1) - 小小的夢想 Little Dream」→ 小小的夢想
[2026-08-04 05:17:25]   [50/55] 攞 member:PLEY_M7xVVeAvnSUjQC_JHjiXvVhOhtf4h 「【さんびの泉・SOPキッズワーシップ１小さな夢】讚美之泉日文兒童敬拜專輯 (1) -  小さな夢」→ 小小的夢想（日文）
[2026-08-04 05:17:31]   [51/55] 攞 member:PLEY_M7xVVeAvm0ig-DvtQijs6yeHm2ZZt 「讚美之泉兒童敬拜讚美專輯 (5) 新造的人 A New Creation」→ 新造的人
[2026-08-04 05:17:37]   [52/55] 攞 member:PLEY_M7xVVeAsgIIa3oXTc_dXamk25Jxmn 「讚美之泉敬拜讚美專輯(19) 這裡有榮耀 Glory」→ 這裡有榮耀
[2026-08-04 05:17:45]   [53/55] 攞 member:PLEY_M7xVVeAtik10dBQYvfL0T2NPjEmiy 「Stream of Praise 한국어 찬양과 경배 앨범 (01) 예수，내 모든 것 讚美之泉韓語敬拜讚美專輯 (01) 祢是何等榮美 Stream of Praise Korean Album (01) - Jesus,  My Everything」→ 祢是何等榮美（韓文）
[2026-08-04 05:17:50]   [54/55] 攞 member:PLEY_M7xVVeAsALusHdc_dD3joKgT9DPoO 「讚美之泉兒童敬拜讚美專輯 (4) 把冷漠變成愛 Fill Our Hearts With Love」→ 把冷漠變成愛
[2026-08-04 05:17:58]   [55/55] 攞 member:PLEY_M7xVVeAvcKPemsjneNmHcRN3AixBS 「讚美之泉敬拜讚美專輯 (18) 從心合一 Unity」→ 從心合一
[2026-08-04 05:18:01] 合共 1537 個 distinct video id,衝突 0 個(唔寫),可寫候選 1537 個
[2026-08-04 05:18:02] 寫入完成:905 首(album 已非空跳過 63,DB 搵唔到 570,yt-dlp 攞member失敗 0 個 playlist)
[2026-08-04 05:18:02] report 已寫:/Users/macbookpro/.openclaw/workspace/hymn-app/backend/data/album-backfill/讚美之泉-apply-report.md
