# A-5 after (explicit Cache-Control headers) — 2026-09-02T07:56:26Z
-- /api/hymns headers (fresh compute, cache miss on process start) --
HTTP/1.1 200 OK
Cache-Control: private, max-age=0, must-revalidate
ETag: W/"54f4a0-FBwNriKnuMzO0pyf9jexRd+9n/Y"
-- /api/hymns headers (2nd hit, cache HIT path) --
HTTP/1.1 200 OK
Cache-Control: private, max-age=0, must-revalidate
ETag: W/"54f4a0-FBwNriKnuMzO0pyf9jexRd+9n/Y"
-- /api/version headers --
HTTP/1.1 200 OK
Cache-Control: no-cache

diff vs 2a-a5-before.log:
1,2c1,2
< # A-5 before (no explicit Cache-Control) — 2026-09-02T07:47:11Z
< -- /api/hymns headers --
---
> # A-5 after (explicit Cache-Control headers) — 2026-09-02T07:56:26Z
> -- /api/hymns headers (fresh compute, cache miss on process start) --
3a4
> Cache-Control: private, max-age=0, must-revalidate
4a6,9
> -- /api/hymns headers (2nd hit, cache HIT path) --
> HTTP/1.1 200 OK
> Cache-Control: private, max-age=0, must-revalidate
> ETag: W/"54f4a0-FBwNriKnuMzO0pyf9jexRd+9n/Y"
6a12,14
> Cache-Control: no-cache
> 
> diff vs 2a-a5-before.log:
