2026-09-02T09:47:03.342Z perfHome 7e9407a65472621112d573a8ea6f7b39 chips=- pages=- today=- recent=- lib=- lib0=0.031041979789733887 libIdle=783 mine=0.018374979496002197
2026-09-02T09:47:23.329Z perfMarks 7e9407a65472621112d573a8ea6f7b39 b0=0 app=195 cont=260 mmkvRead=0 parse=- n=6405 cacheReady=- home=333 verMs=960 verSkip=0 hymnsMs=8251 att=1 ok1=1 a1t=866 a1b=7361 a1p=24 a2t=- a2b=- a2p=- byt=3657732 lyrMs=- lyrBytes=- merged=1 fetch=10(api/version:1,api/health:1,api/app-version:1,api/hymns:1,api/client-log:2,api/stream:3,api/hom
2026-09-02T09:47:49.199Z perfHome 7e9407a65472621112d573a8ea6f7b39 chips=2.5279170274734497 pages=3.0941669940948486 today=14.506249964237213 recent=5.102292001247406 lib=191.58341699838638 lib0=- libIdle=838 mine=0.012166976928710938
2026-09-02T09:48:09.219Z perfMarks 7e9407a65472621112d573a8ea6f7b39 b0=0 app=109 cont=182 mmkvRead=17 parse=17 n=6405 cacheReady=176 home=388 verMs=895 verSkip=1 hymnsMs=- att=- ok1=- a1t=- a1b=- a1p=- a2t=- a2b=- a2p=- byt=- lyrMs=- lyrBytes=- merged=- fetch=8(api/version:1,api/health:1,api/stream:2,api/home:1,api/app-version:1,api/client-log:2)
2026-09-02T09:48:29.187Z perfHome 7e9407a65472621112d573a8ea6f7b39 chips=2.900958001613617 pages=2.9683330059051514 today=15.733249962329865 recent=5.037000000476837 lib=190.3717079758644 lib0=- libIdle=874 mine=0.014415979385375977
2026-09-02T09:48:49.182Z perfMarks 7e9407a65472621112d573a8ea6f7b39 b0=0 app=130 cont=205 mmkvRead=18 parse=17 n=6405 cacheReady=199 home=407 verMs=1185 verSkip=1 hymnsMs=- att=- ok1=- a1t=- a1b=- a1p=- a2t=- a2b=- a2p=- byt=- lyrMs=- lyrBytes=- merged=- fetch=7(api/version:1,api/health:1,api/stream:1,api/home:1,api/app-version:1,api/client-log:2)
2026-09-02T09:51:39.414Z perfNav 7e9407a65472621112d573a8ea6f7b39 tab=Library tapToMount=30ms tapToPaint=63ms
2026-09-02T09:51:43.003Z perfHome 7e9407a65472621112d573a8ea6f7b39 chips=2.638082981109619 pages=3.286875009536743 today=16.113916039466858 recent=5.616250038146973 lib=182.1455420255661 lib0=- libIdle=863 mine=0.0177919864654541
2026-09-02T09:52:03.011Z perfMarks 7e9407a65472621112d573a8ea6f7b39 b0=0 app=117 cont=193 mmkvRead=18 parse=18 n=6405 cacheReady=187 home=398 verMs=1216 verSkip=1 hymnsMs=- att=- ok1=- a1t=- a1b=- a1p=- a2t=- a2b=- a2p=- byt=- lyrMs=- lyrBytes=- merged=- fetch=8(api/version:1,api/health:1,api/stream:1,api/home:1,api/app-version:1,api/client-log:3)
2026-09-02T09:52:58.754Z perfHome 90412aa2aa10bc5672b317e733f15e5a chips=- pages=- today=- recent=- lib=- lib0=- mine=0.01995903253555298
2026-09-02T09:53:18.758Z perfMarks 90412aa2aa10bc5672b317e733f15e5a b0=0 app=139 cont=182 mmkvRead=0 parse=- n=6405 cacheReady=- home=235 verMs=916 verSkip=0 hymnsMs=5026 att=1 ok1=1 a1t=580 a1b=4423 a1p=23 a2t=- a2b=- a2p=- byt=3657732 liteMs=5026 lyrMs=- lyrBytes=- merged=1 fetch=13(api/version:1,api/health:1,api/app-version:1,api/hymns:1,api/client-log:2,api/stre
2026-09-02T09:53:49.576Z perfNav 90412aa2aa10bc5672b317e733f15e5a tab=Library tapToMount=222ms tapToPaint=531ms
2026-09-02T09:53:52.884Z perfHome 90412aa2aa10bc5672b317e733f15e5a chips=2.476166009902954 pages=2.988708019256592 today=15.885167002677917 recent=5.09516704082489 lib=186.10866701602936 lib0=- mine=0.0177919864654541
2026-09-02T09:54:12.903Z perfMarks 90412aa2aa10bc5672b317e733f15e5a b0=0 app=122 cont=212 mmkvRead=16 parse=18 n=6405 cacheReady=206 home=415 verMs=804 verSkip=1 hymnsMs=- att=- ok1=- a1t=- a1b=- a1p=- a2t=- a2b=- a2p=- byt=- liteMs=- lyrMs=- lyrBytes=- merged=- fetch=8(api/version:1,api/health:1,api/stream:1,api/home:1,api/app-version:1,api/client-log:3)
2026-09-02T09:54:30.544Z perfHome 3b543f6f31b75fe439c7c4457a5fbc4d chips=- pages=- today=- recent=- lib=- lib0=0.04116600751876831 libIdle=689 mine=0.01341700553894043
2026-09-02T09:54:50.540Z perfMarks 3b543f6f31b75fe439c7c4457a5fbc4d b0=0 app=131 cont=165 mmkvRead=0 parse=- n=6405 cacheReady=- home=239 verMs=1301 verSkip=0 hymnsMs=4179 att=1 ok1=1 a1t=564 a1b=3591 a1p=24 a2t=- a2b=- a2p=- byt=3657732 lyrMs=- lyrBytes=- merged=1 fetch=13(api/version:1,api/health:1,api/app-version:1,api/hymns:1,api/client-log:2,api/stream:6,api/ho
2026-09-02T09:55:14.097Z perfNav 3b543f6f31b75fe439c7c4457a5fbc4d tab=Library tapToMount=32ms tapToPaint=57ms
2026-09-02T09:55:17.636Z perfHome 3b543f6f31b75fe439c7c4457a5fbc4d chips=2.9460830092430115 pages=3.3145000338554382 today=18.59975004196167 recent=5.474000036716461 lib=209.08604204654694 lib0=- libIdle=872 mine=0.015125036239624023
2026-09-02T09:55:37.639Z perfMarks 3b543f6f31b75fe439c7c4457a5fbc4d b0=0 app=116 cont=196 mmkvRead=20 parse=20 n=6405 cacheReady=190 home=422 verMs=1263 verSkip=1 hymnsMs=- att=- ok1=- a1t=- a1b=- a1p=- a2t=- a2b=- a2p=- byt=- lyrMs=- lyrBytes=- merged=- fetch=8(api/version:1,api/health:1,api/stream:1,api/home:1,api/app-version:1,api/client-log:3)
2026-09-02T09:55:53.702Z perfHome 7bc912618c2815d50ab547a338b9da49 chips=2.664542019367218 pages=3.025207996368408 today=14.45916599035263 recent=5.030749976634979 lib=- lib0=- mine=0.019500017166137695
2026-09-02T09:56:13.655Z perfMarks 7bc912618c2815d50ab547a338b9da49 b0=0 app=122 cont=158 mmkvRead=0 parse=- n=6405 cacheReady=- home=216 verMs=899 verSkip=0 hymnsMs=3771 att=1 ok1=1 a1t=551 a1b=3195 a1p=25 a2t=- a2b=- a2p=- byt=3657732 liteMs=3771 lyrMs=- lyrBytes=- merged=1 fetch=13(api/version:1,api/health:1,api/app-version:1,api/hymns:1,api/stream:6,api/home:1,a
2026-09-02T09:56:36.964Z perfNav 7bc912618c2815d50ab547a338b9da49 tab=Library tapToMount=229ms tapToPaint=545ms
2026-09-02T09:56:40.190Z perfHome 7bc912618c2815d50ab547a338b9da49 chips=2.542167007923126 pages=3.0335829854011536 today=15.41191703081131 recent=5.125042021274567 lib=193.35533303022385 lib0=- mine=0.014208972454071045
2026-09-02T09:57:00.188Z perfMarks 7bc912618c2815d50ab547a338b9da49 b0=0 app=111 cont=187 mmkvRead=17 parse=18 n=6405 cacheReady=182 home=385 verMs=1590 verSkip=1 hymnsMs=- att=- ok1=- a1t=- a1b=- a1p=- a2t=- a2b=- a2p=- byt=- liteMs=- lyrMs=- lyrBytes=- merged=- fetch=8(api/version:1,api/health:1,api/stream:1,api/home:1,api/app-version:1,api/client-log:3)
2026-09-02T09:57:17.721Z perfHome 34b5fefd7e66a17973ddf6ea08569f77 chips=2.8428750038146973 pages=2.973541021347046 today=14.224582970142365 recent=5.119208037853241 lib=189.01062494516373 lib0=0.026000022888183594 libIdle=710 mine=0.023167014122009277
2026-09-02T09:57:37.372Z perfMarks 34b5fefd7e66a17973ddf6ea08569f77 b0=0 app=137 cont=193 mmkvRead=0 parse=- n=6405 cacheReady=- home=244 verMs=908 verSkip=0 hymnsMs=3532 att=1 ok1=1 a1t=548 a1b=2960 a1p=24 a2t=- a2b=- a2p=- byt=3657732 lyrMs=- lyrBytes=- merged=1 fetch=13(api/version:1,api/health:1,api/app-version:1,api/hymns:1,api/stream:6,api/home:1,api/client-lo
2026-09-02T09:57:59.424Z perfNav 34b5fefd7e66a17973ddf6ea08569f77 tab=Library tapToMount=33ms tapToPaint=54ms
2026-09-02T09:58:02.962Z perfHome 34b5fefd7e66a17973ddf6ea08569f77 chips=2.5544170141220093 pages=2.9694169759750366 today=17.12750005722046 recent=5.093499958515167 lib=202.82537496089935 lib0=- libIdle=897 mine=0.014707982540130615
2026-09-02T09:58:22.960Z perfMarks 34b5fefd7e66a17973ddf6ea08569f77 b0=0 app=121 cont=213 mmkvRead=19 parse=18 n=6405 cacheReady=207 home=430 verMs=934 verSkip=1 hymnsMs=- att=- ok1=- a1t=- a1b=- a1p=- a2t=- a2b=- a2p=- byt=- lyrMs=- lyrBytes=- merged=- fetch=8(api/version:1,api/health:1,api/stream:1,api/home:1,api/app-version:1,api/client-log:3)
2026-09-02T09:58:38.959Z perfHome c04f1517eb7a571974760b870c262b34 chips=2.447332978248596 pages=2.971500039100647 today=14.432874977588654 recent=5.0766249895095825 lib=- lib0=- mine=0.0188329815864563
2026-09-02T09:58:58.813Z perfMarks c04f1517eb7a571974760b870c262b34 b0=0 app=120 cont=164 mmkvRead=0 parse=- n=6405 cacheReady=- home=224 verMs=920 verSkip=0 hymnsMs=3432 att=1 ok1=1 a1t=534 a1b=2874 a1p=24 a2t=- a2b=- a2p=- byt=3657732 liteMs=3432 lyrMs=- lyrBytes=- merged=1 fetch=13(api/version:1,api/health:1,api/app-version:1,api/hymns:1,api/stream:6,api/home:1,a
2026-09-02T09:59:21.085Z perfNav c04f1517eb7a571974760b870c262b34 tab=Library tapToMount=231ms tapToPaint=562ms
2026-09-02T09:59:24.288Z perfHome c04f1517eb7a571974760b870c262b34 chips=2.6606249809265137 pages=3.102999985218048 today=16.08774995803833 recent=5.128917038440704 lib=194.94337499141693 lib0=- mine=0.023042023181915283
2026-09-02T09:59:44.286Z perfMarks c04f1517eb7a571974760b870c262b34 b0=0 app=166 cont=258 mmkvRead=17 parse=18 n=6405 cacheReady=252 home=474 verMs=883 verSkip=1 hymnsMs=- att=- ok1=- a1t=- a1b=- a1p=- a2t=- a2b=- a2p=- byt=- liteMs=- lyrMs=- lyrBytes=- merged=- fetch=8(api/version:1,api/health:1,api/stream:1,api/home:1,api/app-version:1,api/client-log:3)
2026-09-02T10:00:02.023Z perfHome 72da7f54cce009b72a8353531109b63a chips=- pages=- today=- recent=- lib=- lib0=0.023583054542541504 libIdle=684 mine=0.018417000770568848
2026-09-02T10:00:22.025Z perfMarks 72da7f54cce009b72a8353531109b63a b0=0 app=125 cont=168 mmkvRead=0 parse=- n=6405 cacheReady=- home=215 verMs=900 verSkip=0 hymnsMs=6851 att=1 ok1=1 a1t=654 a1b=6172 a1p=25 a2t=- a2b=- a2p=- byt=3657732 lyrMs=- lyrBytes=- merged=1 fetch=12(api/version:1,api/health:1,api/app-version:1,api/hymns:1,api/client-log:2,api/stream:5,api/hom
2026-09-02T10:00:44.633Z perfNav 72da7f54cce009b72a8353531109b63a tab=Library tapToMount=31ms tapToPaint=49ms
2026-09-02T10:00:48.215Z perfHome 72da7f54cce009b72a8353531109b63a chips=2.617958962917328 pages=3.1098750233650208 today=16.260582983493805 recent=5.2429580092430115 lib=213.0909590125084 lib0=- libIdle=858 mine=0.013249993324279785
2026-09-02T10:01:08.231Z perfMarks 72da7f54cce009b72a8353531109b63a b0=0 app=126 cont=201 mmkvRead=17 parse=19 n=6405 cacheReady=196 home=408 verMs=917 verSkip=1 hymnsMs=- att=- ok1=- a1t=- a1b=- a1p=- a2t=- a2b=- a2p=- byt=- lyrMs=- lyrBytes=- merged=- fetch=8(api/version:1,api/health:1,api/stream:1,api/home:1,api/app-version:1,api/client-log:3)
2026-09-02T10:01:27.003Z perfHome c54771e5da069c4b19d9a9c50e059242 chips=- pages=- today=- recent=- lib=- lib0=- mine=0.0172080397605896
2026-09-02T10:01:47.012Z perfMarks c54771e5da069c4b19d9a9c50e059242 b0=0 app=130 cont=173 mmkvRead=0 parse=- n=6405 cacheReady=- home=236 verMs=885 verSkip=0 hymnsMs=8376 att=1 ok1=1 a1t=547 a1b=7807 a1p=22 a2t=- a2b=- a2p=- byt=3657732 liteMs=8376 lyrMs=- lyrBytes=- merged=1 fetch=12(api/version:1,api/health:1,api/app-version:1,api/hymns:1,api/client-log:2,api/stre
2026-09-02T10:02:09.671Z perfNav c54771e5da069c4b19d9a9c50e059242 tab=Library tapToMount=229ms tapToPaint=530ms
2026-09-02T10:02:12.907Z perfHome c54771e5da069c4b19d9a9c50e059242 chips=2.624292016029358 pages=3.09341698884964 today=16.275707960128784 recent=5.303750038146973 lib=189.40283304452896 lib0=- mine=0.018500030040740967
2026-09-02T10:02:32.920Z perfMarks c54771e5da069c4b19d9a9c50e059242 b0=0 app=127 cont=207 mmkvRead=18 parse=18 n=6405 cacheReady=200 home=414 verMs=1563 verSkip=1 hymnsMs=- att=- ok1=- a1t=- a1b=- a1p=- a2t=- a2b=- a2p=- byt=- liteMs=- lyrMs=- lyrBytes=- merged=- fetch=8(api/version:1,api/health:1,api/stream:1,api/home:1,api/app-version:1,api/client-log:3)
2026-09-02T10:02:49.301Z perfHome 3e1c933db2269793bc6ff28b6073c026 chips=- pages=- today=- recent=- lib=- lib0=0.026500046253204346 libIdle=696 mine=0.019832968711853027
2026-09-02T10:03:09.299Z perfMarks 3e1c933db2269793bc6ff28b6073c026 b0=0 app=123 cont=168 mmkvRead=0 parse=- n=6405 cacheReady=- home=229 verMs=930 verSkip=0 hymnsMs=7712 att=1 ok1=1 a1t=553 a1b=7141 a1p=18 a2t=- a2b=- a2p=- byt=3657732 lyrMs=- lyrBytes=- merged=1 fetch=11(api/version:1,api/health:1,api/app-version:1,api/hymns:1,api/client-log:2,api/stream:4,api/hom
2026-09-02T10:03:32.513Z perfNav 3e1c933db2269793bc6ff28b6073c026 tab=Library tapToMount=34ms tapToPaint=67ms
2026-09-02T10:03:36.033Z perfHome 3e1c933db2269793bc6ff28b6073c026 chips=2.662374973297119 pages=3.109333038330078 today=20.150000035762787 recent=5.294041991233826 lib=212.46841698884964 lib0=- libIdle=889 mine=0.015041947364807129
2026-09-02T10:03:56.038Z perfMarks 3e1c933db2269793bc6ff28b6073c026 b0=0 app=121 cont=197 mmkvRead=17 parse=19 n=6405 cacheReady=191 home=422 verMs=1282 verSkip=1 hymnsMs=- att=- ok1=- a1t=- a1b=- a1p=- a2t=- a2b=- a2p=- byt=- lyrMs=- lyrBytes=- merged=- fetch=8(api/version:1,api/health:1,api/stream:1,api/home:1,api/app-version:1,api/client-log:3)
2026-09-02T10:04:28.032Z perfHome 86de0b4c062518e62c9fbdb0c572e93a chips=- pages=- today=- recent=- lib=- lib0=- mine=0.015541017055511475
2026-09-02T10:04:48.036Z perfMarks 86de0b4c062518e62c9fbdb0c572e93a b0=0 app=168 cont=210 mmkvRead=0 parse=- n=6405 cacheReady=- home=263 verMs=927 verSkip=0 hymnsMs=6210 att=1 ok1=1 a1t=566 a1b=5620 a1p=24 a2t=- a2b=- a2p=- byt=3657732 liteMs=6210 lyrMs=- lyrBytes=- merged=1 fetch=13(api/version:1,api/health:1,api/app-version:1,api/hymns:1,api/client-log:2,api/stre
2026-09-02T10:05:11.415Z perfNav 86de0b4c062518e62c9fbdb0c572e93a tab=Library tapToMount=229ms tapToPaint=544ms
2026-09-02T10:05:14.635Z perfHome 86de0b4c062518e62c9fbdb0c572e93a chips=2.596791982650757 pages=2.985083043575287 today=15.957500040531158 recent=5.047417044639587 lib=194.60566699504852 lib0=- mine=0.016874969005584717
2026-09-02T10:05:34.638Z perfMarks 86de0b4c062518e62c9fbdb0c572e93a b0=0 app=117 cont=198 mmkvRead=17 parse=18 n=6405 cacheReady=193 home=396 verMs=831 verSkip=1 hymnsMs=- att=- ok1=- a1t=- a1b=- a1p=- a2t=- a2b=- a2p=- byt=- liteMs=- lyrMs=- lyrBytes=- merged=- fetch=8(api/version:1,api/health:1,api/stream:1,api/home:1,api/app-version:1,api/client-log:3)
